<html>
<body>
<pre>
<h1>µVision Build Log</h1>
<h2>Tool Versions:</h2>
IDE-Version: ¦ÌVision V5.40.0.0
Copyright (C) 2024 ARM Ltd and ARM Germany GmbH. All rights reserved.
License Information: Y liliput, Y, LIC=FYKYW-QE295-FWP2N-YX7TQ-80HQH-W3N8F
 
Tool Versions:
Toolchain:       MDK-ARM Plus  Version: 5.40.0.3
Toolchain Path:  C:\Users\liliput\AppData\Local\Keil_v5\ARM\ARMCC\Bin
C Compiler:      Armcc.exe V5.06 update 7 (build 960)
Assembler:       Armasm.exe V5.06 update 7 (build 960)
Linker/Locator:  ArmLink.exe V5.06 update 7 (build 960)
Library Manager: ArmAr.exe V5.06 update 7 (build 960)
Hex Converter:   FromElf.exe V5.06 update 7 (build 960)
CPU DLL:         SARMCM3.DLL V5.40.0.3
Dialog DLL:      DCM.DLL V1.17.5.0
Target DLL:      CMSIS_AGDI.dll V1.33.18.0
Dialog DLL:      TCM.DLL V1.56.4.0
 
<h2>Project:</h2>
D:\workspace\STM32_NPNCounter\NPNCounter\MDK-ARM\NPNCounter.uvprojx
Project File Date:  09/23/2024

<h2>Output:</h2>
*** Using Compiler 'V5.06 update 7 (build 960)', folder: 'C:\Users\liliput\AppData\Local\Keil_v5\ARM\ARMCC\Bin'
Rebuild target 'NPNCounter'
Note: source file '..\User\button.c' - object file renamed from 'NPNCounter\button.o' to 'NPNCounter\button_4.o'.
Note: source file '..\User\tm1637.c' - object file renamed from 'NPNCounter\tm1637.o' to 'NPNCounter\tm1637_1.o'.
assembling startup_stm32f103xb.s...
compiling usart.c...
compiling stm32f1xx_hal_msp.c...
compiling tim.c...
compiling gpio.c...
compiling stm32f1xx_hal_gpio_ex.c...
compiling stm32f1xx_it.c...
../Core/Src/../../User/tm1637.h(76): warning:  #1295-D: Deprecated declaration tm1637_task_init - give arg types
  extern void tm1637_task_init();
../Core/Src/../../User/tm1637.h(77): warning:  #1295-D: Deprecated declaration tm1637_task_proceess - give arg types
  extern void tm1637_task_proceess();
../Core/Src/../../User/tm1637.h(93): warning:  #1-D: last line of file ends without a newline
  #endif
../Core/Src/stm32f1xx_it.c: 3 warnings, 0 errors
compiling main.c...
../Core/Src/main.c(85): warning:  #177-D: variable "hal_uart1_rx"  was declared but never referenced
      unsigned char hal_uart1_rx;
../Core/Src/main.c: 1 warning, 0 errors
compiling stm32f1xx_hal.c...
compiling stm32f1xx_hal_rcc.c...
compiling freertos.c...
../Core/Src/../../User/tm1637.h(76): warning:  #1295-D: Deprecated declaration tm1637_task_init - give arg types
  extern void tm1637_task_init();
../Core/Src/../../User/tm1637.h(77): warning:  #1295-D: Deprecated declaration tm1637_task_proceess - give arg types
  extern void tm1637_task_proceess();
../Core/Src/../../User/tm1637.h(93): warning:  #1-D: last line of file ends without a newline
  #endif
../Core/Src/freertos.c(201): warning:  #181-D: argument is incompatible with corresponding format string conversion
  				printf("time=%dh:%dm:%ds,coutner=%d,",rtc_display.hour,rtc_display.min,rtc_display.sec,counter_display.cnt);
../Core/Src/freertos.c: 4 warnings, 0 errors
compiling stm32f1xx_hal_rcc_ex.c...
compiling stm32f1xx_hal_gpio.c...
compiling croutine.c...
compiling stm32f1xx_hal_flash_ex.c...
compiling stm32f1xx_hal_flash.c...
compiling stm32f1xx_hal_pwr.c...
compiling system_stm32f1xx.c...
compiling stm32f1xx_hal_exti.c...
compiling stm32f1xx_hal_cortex.c...
compiling stm32f1xx_hal_tim_ex.c...
compiling stm32f1xx_hal_dma.c...
compiling stm32f1xx_hal_uart.c...
compiling stm32f1xx_hal_tim.c...
compiling event_groups.c...
compiling list.c...
compiling queue.c...
compiling stream_buffer.c...
compiling timers.c...
compiling heap_4.c...
compiling tasks.c...
compiling port.c...
compiling cmsis_os.c...
compiling button.c...
..\User\button.c(42): warning:  #1295-D: Deprecated declaration pause_button_down_callcak - give arg types
  extern void pause_button_down_callcak();
..\User\button.c(43): warning:  #1295-D: Deprecated declaration rst_button_down_callcak - give arg types
  extern void rst_button_down_callcak();
..\User\button.c(145): warning:  #69-D: integer conversion resulted in truncation
                  btn->down_timecnt = BUTTON_LONG_TIME + 1;
..\User\button.c: 3 warnings, 0 errors
compiling tm1637.c...
..\User\tm1637.h(76): warning:  #1295-D: Deprecated declaration tm1637_task_init - give arg types
  extern void tm1637_task_init();
..\User\tm1637.h(77): warning:  #1295-D: Deprecated declaration tm1637_task_proceess - give arg types
  extern void tm1637_task_proceess();
..\User\tm1637.h(93): warning:  #1-D: last line of file ends without a newline
  #endif
..\User\tm1637.c(250): warning:  #177-D: variable "j"  was declared but never referenced
  				int i,j;
..\User\tm1637.c: 4 warnings, 0 errors
linking...
Program Size: Code=18172 RO-data=544 RW-data=156 ZI-data=8252  
FromELF: creating hex file...
"NPNCounter\NPNCounter.axf" - 0 Error(s), 15 Warning(s).

<h2>Software Packages used:</h2>

Package Vendor: ARM
                https://www.keil.com/pack/ARM.CMSIS.6.1.0.pack
                ARM::CMSIS@6.1.0
                CMSIS (Common Microcontroller Software Interface Standard)
   * Component: CORE Version: 6.1.0

Package Vendor: Keil
                https://www.keil.com/pack/Keil.STM32F1xx_DFP.2.4.1.pack
                Keil::STM32F1xx_DFP@2.4.1
                STMicroelectronics STM32F1 Series Device Support, Drivers and Examples

<h2>Collection of Component include folders:</h2>
  ./RTE/_NPNCounter
  C:/Users/liliput/AppData/Local/Arm/Packs/ARM/CMSIS/6.1.0/CMSIS/Core/Include
  C:/Users/liliput/AppData/Local/Arm/Packs/Keil/STM32F1xx_DFP/2.4.1/Device/Include

<h2>Collection of Component Files used:</h2>

   * Component: ARM::CMSIS:CORE@6.1.0
Build Time Elapsed:  00:00:17
</pre>
</body>
</html>
