Component: ARM Compiler 5.06 update 7 (build 960) Tool: armlink [4d3601]

==============================================================================

Section Cross References

    startup_stm32f103xb.o(RESET) refers to startup_stm32f103xb.o(STACK) for __initial_sp
    startup_stm32f103xb.o(RESET) refers to startup_stm32f103xb.o(.text) for Reset_Handler
    startup_stm32f103xb.o(RESET) refers to stm32f1xx_it.o(i.NMI_Handler) for NMI_Handler
    startup_stm32f103xb.o(RESET) refers to stm32f1xx_it.o(i.HardFault_Handler) for HardFault_Handler
    startup_stm32f103xb.o(RESET) refers to stm32f1xx_it.o(i.MemManage_Handler) for MemManage_Handler
    startup_stm32f103xb.o(RESET) refers to stm32f1xx_it.o(i.BusFault_Handler) for BusFault_Handler
    startup_stm32f103xb.o(RESET) refers to stm32f1xx_it.o(i.UsageFault_Handler) for UsageFault_Handler
    startup_stm32f103xb.o(RESET) refers to port.o(.emb_text) for SVC_Handler
    startup_stm32f103xb.o(RESET) refers to stm32f1xx_it.o(i.DebugMon_Handler) for DebugMon_Handler
    startup_stm32f103xb.o(RESET) refers to stm32f1xx_it.o(i.SysTick_Handler) for SysTick_Handler
    startup_stm32f103xb.o(RESET) refers to stm32f1xx_it.o(i.EXTI0_IRQHandler) for EXTI0_IRQHandler
    startup_stm32f103xb.o(RESET) refers to stm32f1xx_it.o(i.EXTI1_IRQHandler) for EXTI1_IRQHandler
    startup_stm32f103xb.o(RESET) refers to stm32f1xx_it.o(i.TIM1_UP_IRQHandler) for TIM1_UP_IRQHandler
    startup_stm32f103xb.o(RESET) refers to stm32f1xx_it.o(i.USART1_IRQHandler) for USART1_IRQHandler
    startup_stm32f103xb.o(.text) refers to system_stm32f1xx.o(i.SystemInit) for SystemInit
    startup_stm32f103xb.o(.text) refers to entry.o(.ARM.Collect$$$$00000000) for __main
    main.o(i.MX_NVIC_Init) refers to stm32f1xx_hal_cortex.o(i.HAL_NVIC_SetPriority) for HAL_NVIC_SetPriority
    main.o(i.MX_NVIC_Init) refers to stm32f1xx_hal_cortex.o(i.HAL_NVIC_EnableIRQ) for HAL_NVIC_EnableIRQ
    main.o(i.SystemClock_Config) refers to memseta.o(.text) for __aeabi_memclr4
    main.o(i.SystemClock_Config) refers to stm32f1xx_hal_rcc.o(i.HAL_RCC_OscConfig) for HAL_RCC_OscConfig
    main.o(i.SystemClock_Config) refers to main.o(i.Error_Handler) for Error_Handler
    main.o(i.SystemClock_Config) refers to stm32f1xx_hal_rcc.o(i.HAL_RCC_ClockConfig) for HAL_RCC_ClockConfig
    main.o(i.fgetc) refers to stm32f1xx_hal_uart.o(i.HAL_UART_Receive) for HAL_UART_Receive
    main.o(i.fgetc) refers to usart.o(.bss) for huart1
    main.o(i.fputc) refers to stm32f1xx_hal_uart.o(i.HAL_UART_Transmit) for HAL_UART_Transmit
    main.o(i.fputc) refers to usart.o(.bss) for huart1
    main.o(i.main) refers to stm32f1xx_hal.o(i.HAL_Init) for HAL_Init
    main.o(i.main) refers to main.o(i.SystemClock_Config) for SystemClock_Config
    main.o(i.main) refers to gpio.o(i.MX_GPIO_Init) for MX_GPIO_Init
    main.o(i.main) refers to usart.o(i.MX_USART1_UART_Init) for MX_USART1_UART_Init
    main.o(i.main) refers to tim.o(i.MX_TIM1_Init) for MX_TIM1_Init
    main.o(i.main) refers to main.o(i.MX_NVIC_Init) for MX_NVIC_Init
    main.o(i.main) refers to stm32f1xx_hal_tim.o(i.HAL_TIM_Base_Start_IT) for HAL_TIM_Base_Start_IT
    main.o(i.main) refers to printfa.o(i.__0printf) for __2printf
    main.o(i.main) refers to freertos.o(i.MX_FREERTOS_Init) for MX_FREERTOS_Init
    main.o(i.main) refers to cmsis_os.o(i.osKernelStart) for osKernelStart
    main.o(i.main) refers to tim.o(.bss) for htim1
    gpio.o(i.MX_GPIO_Init) refers to stm32f1xx_hal_gpio.o(i.HAL_GPIO_WritePin) for HAL_GPIO_WritePin
    gpio.o(i.MX_GPIO_Init) refers to stm32f1xx_hal_gpio.o(i.HAL_GPIO_Init) for HAL_GPIO_Init
    freertos.o(i.MX_FREERTOS_Init) refers to memcpya.o(.text) for __aeabi_memcpy4
    freertos.o(i.MX_FREERTOS_Init) refers to cmsis_os.o(i.osThreadCreate) for osThreadCreate
    freertos.o(i.MX_FREERTOS_Init) refers to freertos.o(.constdata) for .constdata
    freertos.o(i.MX_FREERTOS_Init) refers to freertos.o(.data) for defaultTaskHandle
    freertos.o(i.StartButtonTask) refers to button_4.o(i.Button_Attach_ini) for Button_Attach_ini
    freertos.o(i.StartButtonTask) refers to button_4.o(i.Button_Process) for Button_Process
    freertos.o(i.StartButtonTask) refers to cmsis_os.o(i.osDelay) for osDelay
    freertos.o(i.StartCmdLine) refers to cmsis_os.o(i.osDelay) for osDelay
    freertos.o(i.StartCounterTask) refers to printfa.o(i.__0printf) for __2printf
    freertos.o(i.StartCounterTask) refers to cmsis_os.o(i.osDelay) for osDelay
    freertos.o(i.StartCounterTask) refers to tm1637_1.o(.bss) for counter_display
    freertos.o(i.StartDefaultTask) refers to cmsis_os.o(i.osDelay) for osDelay
    freertos.o(i.StartSegDisplay) refers to tm1637_1.o(i.tm1637_task_init) for tm1637_task_init
    freertos.o(i.StartSegDisplay) refers to tm1637_1.o(i.tm1637_task_proceess) for tm1637_task_proceess
    freertos.o(i.StartSegDisplay) refers to cmsis_os.o(i.osDelay) for osDelay
    freertos.o(i.pause_button_down_callcak) refers to tm1637_1.o(.bss) for counter_display
[...]
    ..\Drivers\STM32F1xx_HAL_Driver\Src\stm32f1xx_hal.c 0x00000000   Number         0  stm32f1xx_hal.o ABSOLUTE
    ..\Drivers\STM32F1xx_HAL_Driver\Src\stm32f1xx_hal_cortex.c 0x00000000   Number         0  stm32f1xx_hal_cortex.o ABSOLUTE
    ..\Drivers\STM32F1xx_HAL_Driver\Src\stm32f1xx_hal_dma.c 0x00000000   Number         0  stm32f1xx_hal_dma.o ABSOLUTE
    ..\Drivers\STM32F1xx_HAL_Driver\Src\stm32f1xx_hal_exti.c 0x00000000   Number         0  stm32f1xx_hal_exti.o ABSOLUTE
    ..\Drivers\STM32F1xx_HAL_Driver\Src\stm32f1xx_hal_flash.c 0x00000000   Number         0  stm32f1xx_hal_flash.o ABSOLUTE
    ..\Drivers\STM32F1xx_HAL_Driver\Src\stm32f1xx_hal_flash_ex.c 0x00000000   Number         0  stm32f1xx_hal_flash_ex.o ABSOLUTE
    ..\Drivers\STM32F1xx_HAL_Driver\Src\stm32f1xx_hal_gpio.c 0x00000000   Number         0  stm32f1xx_hal_gpio.o ABSOLUTE
    ..\Drivers\STM32F1xx_HAL_Driver\Src\stm32f1xx_hal_gpio_ex.c 0x00000000   Number         0  stm32f1xx_hal_gpio_ex.o ABSOLUTE
    ..\Drivers\STM32F1xx_HAL_Driver\Src\stm32f1xx_hal_pwr.c 0x00000000   Number         0  stm32f1xx_hal_pwr.o ABSOLUTE
    ..\Drivers\STM32F1xx_HAL_Driver\Src\stm32f1xx_hal_rcc.c 0x00000000   Number         0  stm32f1xx_hal_rcc.o ABSOLUTE
    ..\Drivers\STM32F1xx_HAL_Driver\Src\stm32f1xx_hal_rcc_ex.c 0x00000000   Number         0  stm32f1xx_hal_rcc_ex.o ABSOLUTE
    ..\Drivers\STM32F1xx_HAL_Driver\Src\stm32f1xx_hal_tim.c 0x00000000   Number         0  stm32f1xx_hal_tim.o ABSOLUTE
    ..\Drivers\STM32F1xx_HAL_Driver\Src\stm32f1xx_hal_tim_ex.c 0x00000000   Number         0  stm32f1xx_hal_tim_ex.o ABSOLUTE
    ..\Drivers\STM32F1xx_HAL_Driver\Src\stm32f1xx_hal_uart.c 0x00000000   Number         0  stm32f1xx_hal_uart.o ABSOLUTE
    ..\Middlewares\Third_Party\FreeRTOS\Source\CMSIS_RTOS\cmsis_os.c 0x00000000   Number         0  cmsis_os.o ABSOLUTE
    ..\Middlewares\Third_Party\FreeRTOS\Source\portable\RVDS\ARM_CM3\port.c 0x00000000   Number         0  port.o ABSOLUTE
    ..\User\button.c                         0x00000000   Number         0  button_4.o ABSOLUTE
    ..\User\tm1637.c                         0x00000000   Number         0  tm1637_1.o ABSOLUTE
    ..\\User\\button.c                       0x00000000   Number         0  button_4.o ABSOLUTE
    ..\\User\\tm1637.c                       0x00000000   Number         0  tm1637_1.o ABSOLUTE
    cdrcmple.s                               0x00000000   Number         0  cdrcmple.o ABSOLUTE
    dc.s                                     0x00000000   Number         0  dc.o ABSOLUTE
    handlers.s                               0x00000000   Number         0  handlers.o ABSOLUTE
    init.s                                   0x00000000   Number         0  init.o ABSOLUTE
    startup_stm32f103xb.s                    0x00000000   Number         0  startup_stm32f103xb.o ABSOLUTE
    RESET                                    0x08000000   Section      236  startup_stm32f103xb.o(RESET)
    .ARM.Collect$$$$00000000                 0x080000ec   Section        0  entry.o(.ARM.Collect$$$$00000000)
    .ARM.Collect$$$$00000001                 0x080000ec   Section        4  entry2.o(.ARM.Collect$$$$00000001)
    .ARM.Collect$$$$00000004                 0x080000f0   Section        4  entry5.o(.ARM.Collect$$$$00000004)
    .ARM.Collect$$$$00000008                 0x080000f4   Section        0  entry7b.o(.ARM.Collect$$$$00000008)
    .ARM.Collect$$$$0000000A                 0x080000f4   Section        0  entry8b.o(.ARM.Collect$$$$0000000A)
    .ARM.Collect$$$$0000000B                 0x080000f4   Section        8  entry9a.o(.ARM.Collect$$$$0000000B)
    .ARM.Collect$$$$0000000E                 0x080000fc   Section        4  entry12b.o(.ARM.Collect$$$$0000000E)
    .ARM.Collect$$$$0000000F                 0x08000100   Section        0  entry10a.o(.ARM.Collect$$$$0000000F)
    .ARM.Collect$$$$00000011                 0x08000100   Section        0  entry11a.o(.ARM.Collect$$$$00000011)
    .ARM.Collect$$$$00002712                 0x08000100   Section        4  entry2.o(.ARM.Collect$$$$00002712)
    __lit__00000000                          0x08000100   Data           4  entry2.o(.ARM.Collect$$$$00002712)
    .emb_text                                0x08000104   Section      150  port.o(.emb_text)
    .text                                    0x0800019c   Section       36  startup_stm32f103xb.o(.text)
    .text                                    0x080001c0   Section        0  ldiv.o(.text)
    .text                                    0x08000222   Section        0  llushr.o(.text)
    .text                                    0x08000242   Section        0  memcpya.o(.text)
    .text                                    0x08000266   Section        0  memseta.o(.text)
    .text                                    0x0800028a   Section        0  uidiv.o(.text)
    .text                                    0x080002b6   Section        0  uldiv.o(.text)
    .text                                    0x08000318   Section        0  dadd.o(.text)
    .text                                    0x08000318   Section        0  iusefp.o(.text)
    .text                                    0x08000466   Section        0  dmul.o(.text)
    .text                                    0x0800054a   Section        0  ddiv.o(.text)
    .text                                    0x08000628   Section        0  dfixul.o(.text)
    .text                                    0x08000658   Section       48  cdrcmple.o(.text)
    .text                                    0x08000688   Section       36  init.o(.text)
    .text                                    0x080006ac   Section        0  llshl.o(.text)
    .text                                    0x080006ca   Section        0  llsshr.o(.text)
    .text                                    0x080006ee   Section        0  depilogue.o(.text)
    i.Add_Button                             0x080007a8   Section        0  button_4.o(i.Add_Button)
    i.BusFault_Handler                       0x080007c4   Section        0  stm32f1xx_it.o(i.BusFault_Handler)
    i.Button_Attach                          0x080007c8   Section        0  button_4.o(i.Button_Attach)
    i.Button_Attach_ini                      0x080007fc   Section        0  button_4.o(i.Button_Attach_ini)
    i.Button_Create                          0x08000850   Section        0  button_4.o(i.Button_Create)
    i.Button_Cycle_Process                   0x0800089e   Section        0  button_4.o(i.Button_Cycle_Process)
    Button_Cycle_Process                     0x0800089f   Thumb Code   334  button_4.o(i.Button_Cycle_Process)
    i.Button_Process                         0x080009ec   Section        0  button_4.o(i.Button_Process)
    i.DebugMon_Handler                       0x08000a08   Section        0  stm32f1xx_it.o(i.DebugMon_Handler)
    i.EXTI0_IRQHandler                       0x08000a0a   Section        0  stm32f1xx_it.o(i.EXTI0_IRQHandler)
    i.EXTI1_IRQHandler                       0x08000a14   Section        0  stm32f1xx_it.o(i.EXTI1_IRQHandler)
    i.Error_Handler                          0x08000a1e   Section        0  main.o(i.Error_Handler)
    i.HAL_DMA_Abort                          0x08000a24   Section        0  stm32f1xx_hal_dma.o(i.HAL_DMA_Abort)
    i.HAL_DMA_Abort_IT                       0x08000a7c   Section        0  stm32f1xx_hal_dma.o(i.HAL_DMA_Abort_IT)
    i.HAL_Delay                              0x08000b2c   Section        0  stm32f1xx_hal.o(i.HAL_Delay)
    i.HAL_GPIO_EXTI_Callback                 0x08000b54   Section        0  stm32f1xx_it.o(i.HAL_GPIO_EXTI_Callback)
    i.HAL_GPIO_EXTI_IRQHandler               0x08000b84   Section        0  stm32f1xx_hal_gpio.o(i.HAL_GPIO_EXTI_IRQHandler)
    i.HAL_GPIO_Init                          0x08000ba0   Section        0  stm32f1xx_hal_gpio.o(i.HAL_GPIO_Init)
    i.HAL_GPIO_ReadPin                       0x08000ec0   Section        0  stm32f1xx_hal_gpio.o(i.HAL_GPIO_ReadPin)
    i.HAL_GPIO_WritePin                      0x08000ed0   Section        0  stm32f1xx_hal_gpio.o(i.HAL_GPIO_WritePin)
    i.HAL_GetTick                            0x08000edc   Section        0  stm32f1xx_hal.o(i.HAL_GetTick)
    i.HAL_IncTick                            0x08000ee8   Section        0  stm32f1xx_hal.o(i.HAL_IncTick)
    i.HAL_Init                               0x08000f00   Section        0  stm32f1xx_hal.o(i.HAL_Init)
    i.HAL_InitTick                           0x08000f28   Section        0  stm32f1xx_hal.o(i.HAL_InitTick)
    i.HAL_MspInit                            0x08000f74   Section        0  stm32f1xx_hal_msp.o(i.HAL_MspInit)
    i.HAL_NVIC_EnableIRQ                     0x08000fd4   Section        0  stm32f1xx_hal_cortex.o(i.HAL_NVIC_EnableIRQ)
    i.HAL_NVIC_SetPriority                   0x08000ff4   Section        0  stm32f1xx_hal_cortex.o(i.HAL_NVIC_SetPriority)
    i.HAL_NVIC_SetPriorityGrouping           0x08001070   Section        0  stm32f1xx_hal_cortex.o(i.HAL_NVIC_SetPriorityGrouping)
    i.HAL_RCC_ClockConfig                    0x08001098   Section        0  stm32f1xx_hal_rcc.o(i.HAL_RCC_ClockConfig)
    i.HAL_RCC_GetHCLKFreq                    0x08001224   Section        0  stm32f1xx_hal_rcc.o(i.HAL_RCC_GetHCLKFreq)
    i.HAL_RCC_GetPCLK1Freq                   0x08001230   Section        0  stm32f1xx_hal_rcc.o(i.HAL_RCC_GetPCLK1Freq)
    i.HAL_RCC_GetPCLK2Freq                   0x08001250   Section        0  stm32f1xx_hal_rcc.o(i.HAL_RCC_GetPCLK2Freq)
    i.HAL_RCC_GetSysClockFreq                0x08001270   Section        0  stm32f1xx_hal_rcc.o(i.HAL_RCC_GetSysClockFreq)
    i.HAL_RCC_OscConfig                      0x080012e0   Section        0  stm32f1xx_hal_rcc.o(i.HAL_RCC_OscConfig)
    i.HAL_SYSTICK_Config                     0x08001744   Section        0  stm32f1xx_hal_cortex.o(i.HAL_SYSTICK_Config)
    i.HAL_TIMEx_BreakCallback                0x08001778   Section        0  stm32f1xx_hal_tim_ex.o(i.HAL_TIMEx_BreakCallback)
    i.HAL_TIMEx_CommutCallback               0x0800177a   Section        0  stm32f1xx_hal_tim_ex.o(i.HAL_TIMEx_CommutCallback)
    i.HAL_TIMEx_MasterConfigSynchronization  0x0800177c   Section        0  stm32f1xx_hal_tim_ex.o(i.HAL_TIMEx_MasterConfigSynchronization)
    i.HAL_TIM_Base_Init                      0x08001800   Section        0  stm32f1xx_hal_tim.o(i.HAL_TIM_Base_Init)
    i.HAL_TIM_Base_MspInit                   0x08001868   Section        0  tim.o(i.HAL_TIM_Base_MspInit)
    i.HAL_TIM_Base_Start_IT                  0x08001898   Section        0  stm32f1xx_hal_tim.o(i.HAL_TIM_Base_Start_IT)
    i.HAL_TIM_ConfigClockSource              0x08001910   Section        0  stm32f1xx_hal_tim.o(i.HAL_TIM_ConfigClockSource)
    i.HAL_TIM_IC_CaptureCallback             0x08001a1c   Section        0  stm32f1xx_hal_tim.o(i.HAL_TIM_IC_CaptureCallback)
    i.HAL_TIM_IRQHandler                     0x08001a1e   Section        0  stm32f1xx_hal_tim.o(i.HAL_TIM_IRQHandler)
    i.HAL_TIM_OC_DelayElapsedCallback        0x08001b8a   Section        0  stm32f1xx_hal_tim.o(i.HAL_TIM_OC_DelayElapsedCallback)
    i.HAL_TIM_PWM_PulseFinishedCallback      0x08001b8c   Section        0  stm32f1xx_hal_tim.o(i.HAL_TIM_PWM_PulseFinishedCallback)
    i.HAL_TIM_PeriodElapsedCallback          0x08001b90   Section        0  stm32f1xx_it.o(i.HAL_TIM_PeriodElapsedCallback)
    i.HAL_TIM_TriggerCallback                0x08001bb4   Section        0  stm32f1xx_hal_tim.o(i.HAL_TIM_TriggerCallback)
    i.HAL_UARTEx_RxEventCallback             0x08001bb6   Section        0  stm32f1xx_hal_uart.o(i.HAL_UARTEx_RxEventCallback)
    i.HAL_UART_ErrorCallback                 0x08001bb8   Section        0  stm32f1xx_hal_uart.o(i.HAL_UART_ErrorCallback)
    i.HAL_UART_IRQHandler                    0x08001bbc   Section        0  stm32f1xx_hal_uart.o(i.HAL_UART_IRQHandler)
    i.HAL_UART_Init                          0x08001ea0   Section        0  stm32f1xx_hal_uart.o(i.HAL_UART_Init)
    i.HAL_UART_MspInit                       0x08001f18   Section        0  usart.o(i.HAL_UART_MspInit)
    i.HAL_UART_RxCpltCallback                0x08001fa0   Section        0  stm32f1xx_hal_uart.o(i.HAL_UART_RxCpltCallback)
    i.HAL_UART_Transmit                      0x08001fa2   Section        0  stm32f1xx_hal_uart.o(i.HAL_UART_Transmit)
    i.HAL_UART_TxCpltCallback                0x08002060   Section        0  stm32f1xx_hal_uart.o(i.HAL_UART_TxCpltCallback)
    i.HardFault_Handler                      0x08002062   Section        0  stm32f1xx_it.o(i.HardFault_Handler)
    i.MX_FREERTOS_Init                       0x08002068   Section        0  freertos.o(i.MX_FREERTOS_Init)
    i.MX_GPIO_Init                           0x08002100   Section        0  gpio.o(i.MX_GPIO_Init)
    i.MX_NVIC_Init                           0x080021d8   Section        0  main.o(i.MX_NVIC_Init)
    MX_NVIC_Init                             0x080021d9   Thumb Code    68  main.o(i.MX_NVIC_Init)
    i.MX_TIM1_Init                           0x0800221c   Section        0  tim.o(i.MX_TIM1_Init)
    i.MX_USART1_UART_Init                    0x08002290   Section        0  usart.o(i.MX_USART1_UART_Init)
    i.MemManage_Handler                      0x080022c8   Section        0  stm32f1xx_it.o(i.MemManage_Handler)
    i.NMI_Handler                            0x080022cc   Section        0  stm32f1xx_it.o(i.NMI_Handler)
    i.RCC_Delay                              0x080022d0   Section        0  stm32f1xx_hal_rcc.o(i.RCC_Delay)
    RCC_Delay                                0x080022d1   Thumb Code    36  stm32f1xx_hal_rcc.o(i.RCC_Delay)
    i.Read_SW0_Level                         0x080022f8   Section        0  button_4.o(i.Read_SW0_Level)
    Read_SW0_Level                           0x080022f9   Thumb Code    22  button_4.o(i.Read_SW0_Level)
    i.Read_SW1_Level                         0x08002314   Section        0  button_4.o(i.Read_SW1_Level)
    Read_SW1_Level                           0x08002315   Thumb Code    22  button_4.o(i.Read_SW1_Level)
    i.StartButtonTask                        0x08002330   Section        0  freertos.o(i.StartButtonTask)
    i.StartCmdLine                           0x08002342   Section        0  freertos.o(i.StartCmdLine)
    i.StartCounterTask                       0x0800234c   Section        0  freertos.o(i.StartCounterTask)
    i.StartDefaultTask                       0x0800239c   Section        0  freertos.o(i.StartDefaultTask)
    i.StartSegDisplay                        0x080023a8   Section        0  freertos.o(i.StartSegDisplay)
    i.StrnCopy                               0x080023ba   Section        0  button_4.o(i.StrnCopy)
    StrnCopy                                 0x080023bb   Thumb Code    52  button_4.o(i.StrnCopy)
    i.SysTick_Handler                        0x080023ee   Section        0  stm32f1xx_it.o(i.SysTick_Handler)
    i.SystemClock_Config                     0x08002402   Section        0  main.o(i.SystemClock_Config)
    i.SystemInit                             0x08002452   Section        0  system_stm32f1xx.o(i.SystemInit)
    i.TIM1_UP_IRQHandler                     0x08002454   Section        0  stm32f1xx_it.o(i.TIM1_UP_IRQHandler)
    i.TIM_Base_SetConfig                     0x08002464   Section        0  stm32f1xx_hal_tim.o(i.TIM_Base_SetConfig)
    i.TIM_ETR_SetConfig                      0x080024e8   Section        0  stm32f1xx_hal_tim.o(i.TIM_ETR_SetConfig)
    i.TIM_ITRx_SetConfig                     0x080024fe   Section        0  stm32f1xx_hal_tim.o(i.TIM_ITRx_SetConfig)
    TIM_ITRx_SetConfig                       0x080024ff   Thumb Code    18  stm32f1xx_hal_tim.o(i.TIM_ITRx_SetConfig)
    i.TIM_TI1_ConfigInputStage               0x08002510   Section        0  stm32f1xx_hal_tim.o(i.TIM_TI1_ConfigInputStage)
    TIM_TI1_ConfigInputStage                 0x08002511   Thumb Code    38  stm32f1xx_hal_tim.o(i.TIM_TI1_ConfigInputStage)
    i.TIM_TI2_ConfigInputStage               0x08002536   Section        0  stm32f1xx_hal_tim.o(i.TIM_TI2_ConfigInputStage)
    TIM_TI2_ConfigInputStage                 0x08002537   Thumb Code    40  stm32f1xx_hal_tim.o(i.TIM_TI2_ConfigInputStage)
    i.UART_DMAAbortOnError                   0x0800255e   Section        0  stm32f1xx_hal_uart.o(i.UART_DMAAbortOnError)
    UART_DMAAbortOnError                     0x0800255f   Thumb Code    20  stm32f1xx_hal_uart.o(i.UART_DMAAbortOnError)
    i.UART_EndRxTransfer                     0x08002572   Section        0  stm32f1xx_hal_uart.o(i.UART_EndRxTransfer)
    UART_EndRxTransfer                       0x08002573   Thumb Code   108  stm32f1xx_hal_uart.o(i.UART_EndRxTransfer)
    i.UART_EndTransmit_IT                    0x080025de   Section        0  stm32f1xx_hal_uart.o(i.UART_EndTransmit_IT)
    UART_EndTransmit_IT                      0x080025df   Thumb Code    32  stm32f1xx_hal_uart.o(i.UART_EndTransmit_IT)
    i.UART_Receive_IT                        0x080025fe   Section        0  stm32f1xx_hal_uart.o(i.UART_Receive_IT)
    UART_Receive_IT                          0x080025ff   Thumb Code   252  stm32f1xx_hal_uart.o(i.UART_Receive_IT)
    i.UART_SetConfig                         0x080026fc   Section        0  stm32f1xx_hal_uart.o(i.UART_SetConfig)
    UART_SetConfig                           0x080026fd   Thumb Code   248  stm32f1xx_hal_uart.o(i.UART_SetConfig)
    i.UART_Transmit_IT                       0x080027f8   Section        0  stm32f1xx_hal_uart.o(i.UART_Transmit_IT)
    UART_Transmit_IT                         0x080027f9   Thumb Code    96  stm32f1xx_hal_uart.o(i.UART_Transmit_IT)
    i.UART_WaitOnFlagUntilTimeout            0x08002858   Section        0  stm32f1xx_hal_uart.o(i.UART_WaitOnFlagUntilTimeout)
    UART_WaitOnFlagUntilTimeout              0x08002859   Thumb Code   140  stm32f1xx_hal_uart.o(i.UART_WaitOnFlagUntilTimeout)
    i.USART1_IRQHandler                      0x080028e4   Section        0  stm32f1xx_it.o(i.USART1_IRQHandler)
    i.UsageFault_Handler                     0x080028f4   Section        0  stm32f1xx_it.o(i.UsageFault_Handler)
    i.__0printf                              0x080028f8   Section        0  printfa.o(i.__0printf)
    i.__0snprintf                            0x08002918   Section        0  printfa.o(i.__0snprintf)
    i.__NVIC_GetPriorityGrouping             0x0800294c   Section        0  stm32f1xx_hal_cortex.o(i.__NVIC_GetPriorityGrouping)
    __NVIC_GetPriorityGrouping               0x0800294d   Thumb Code    10  stm32f1xx_hal_cortex.o(i.__NVIC_GetPriorityGrouping)
    i.__NVIC_SetPriority                     0x0800295c   Section        0  stm32f1xx_hal_cortex.o(i.__NVIC_SetPriority)
    __NVIC_SetPriority                       0x0800295d   Thumb Code    32  stm32f1xx_hal_cortex.o(i.__NVIC_SetPriority)
    i.__scatterload_copy                     0x08002984   Section       14  handlers.o(i.__scatterload_copy)
    i.__scatterload_null                     0x08002992   Section        2  handlers.o(i.__scatterload_null)
    i.__scatterload_zeroinit                 0x08002994   Section       14  handlers.o(i.__scatterload_zeroinit)
    i._fp_digits                             0x080029a4   Section        0  printfa.o(i._fp_digits)
    _fp_digits                               0x080029a5   Thumb Code   366  printfa.o(i._fp_digits)
    i._printf_core                           0x08002b28   Section        0  printfa.o(i._printf_core)
    _printf_core                             0x08002b29   Thumb Code  1704  printfa.o(i._printf_core)
    i._printf_post_padding                   0x080031dc   Section        0  printfa.o(i._printf_post_padding)
    _printf_post_padding                     0x080031dd   Thumb Code    36  printfa.o(i._printf_post_padding)
    i._printf_pre_padding                    0x08003200   Section        0  printfa.o(i._printf_pre_padding)
    _printf_pre_padding                      0x08003201   Thumb Code    46  printfa.o(i._printf_pre_padding)
    i._snputc                                0x0800322e   Section        0  printfa.o(i._snputc)
    _snputc                                  0x0800322f   Thumb Code    22  printfa.o(i._snputc)
    i.fputc                                  0x08003244   Section        0  main.o(i.fputc)
    i.main                                   0x08003260   Section        0  main.o(i.main)
    i.makeFreeRtosPriority                   0x080032a4   Section        0  cmsis_os.o(i.makeFreeRtosPriority)
    makeFreeRtosPriority                     0x080032a5   Thumb Code    14  cmsis_os.o(i.makeFreeRtosPriority)
    i.osDelay                                0x080032b2   Section        0  cmsis_os.o(i.osDelay)
    i.osKernelStart                          0x080032ca   Section        0  cmsis_os.o(i.osKernelStart)
    i.osThreadCreate                         0x080032d4   Section        0  cmsis_os.o(i.osThreadCreate)
    i.pause_button_down_callcak              0x08003334   Section        0  freertos.o(i.pause_button_down_callcak)
    i.prvAddCurrentTaskToDelayedList         0x08003350   Section        0  tasks.o(i.prvAddCurrentTaskToDelayedList)
    prvAddCurrentTaskToDelayedList           0x08003351   Thumb Code   124  tasks.o(i.prvAddCurrentTaskToDelayedList)
    i.prvAddNewTaskToReadyList               0x080033e8   Section        0  tasks.o(i.prvAddNewTaskToReadyList)
    prvAddNewTaskToReadyList                 0x080033e9   Thumb Code   150  tasks.o(i.prvAddNewTaskToReadyList)
    i.prvCheckTasksWaitingTermination        0x0800349c   Section        0  tasks.o(i.prvCheckTasksWaitingTermination)
    prvCheckTasksWaitingTermination          0x0800349d   Thumb Code    60  tasks.o(i.prvCheckTasksWaitingTermination)
    i.prvDeleteTCB                           0x080034e4   Section        0  tasks.o(i.prvDeleteTCB)
    prvDeleteTCB                             0x080034e5   Thumb Code    80  tasks.o(i.prvDeleteTCB)
    i.prvHeapInit                            0x08003534   Section        0  heap_4.o(i.prvHeapInit)
    prvHeapInit                              0x08003535   Thumb Code    98  heap_4.o(i.prvHeapInit)
    i.prvIdleTask                            0x080035b0   Section        0  tasks.o(i.prvIdleTask)
    prvIdleTask                              0x080035b1   Thumb Code    32  tasks.o(i.prvIdleTask)
    i.prvInitialiseNewTask                   0x080035d8   Section        0  tasks.o(i.prvInitialiseNewTask)
    prvInitialiseNewTask                     0x080035d9   Thumb Code   180  tasks.o(i.prvInitialiseNewTask)
    i.prvInitialiseTaskLists                 0x0800368c   Section        0  tasks.o(i.prvInitialiseTaskLists)
    prvInitialiseTaskLists                   0x0800368d   Thumb Code    70  tasks.o(i.prvInitialiseTaskLists)
    i.prvInsertBlockIntoFreeList             0x080036f4   Section        0  heap_4.o(i.prvInsertBlockIntoFreeList)
    prvInsertBlockIntoFreeList               0x080036f5   Thumb Code    96  heap_4.o(i.prvInsertBlockIntoFreeList)
    i.prvResetNextTaskUnblockTime            0x0800375c   Section        0  tasks.o(i.prvResetNextTaskUnblockTime)
    prvResetNextTaskUnblockTime              0x0800375d   Thumb Code    42  tasks.o(i.prvResetNextTaskUnblockTime)
    i.prvTaskExitError                       0x08003790   Section        0  port.o(i.prvTaskExitError)
    prvTaskExitError                         0x08003791   Thumb Code    60  port.o(i.prvTaskExitError)
    i.pvPortMalloc                           0x080037d0   Section        0  heap_4.o(i.pvPortMalloc)
    i.pxPortInitialiseStack                  0x0800391c   Section        0  port.o(i.pxPortInitialiseStack)
    i.rst_button_down_callcak                0x08003940   Section        0  freertos.o(i.rst_button_down_callcak)
    i.tm1637_brightness                      0x08003950   Section        0  tm1637_1.o(i.tm1637_brightness)
    i.tm1637_delay_us                        0x0800396e   Section        0  tm1637_1.o(i.tm1637_delay_us)
    i.tm1637_fill                            0x08003984   Section        0  tm1637_1.o(i.tm1637_fill)
    i.tm1637_init                            0x080039b0   Section        0  tm1637_1.o(i.tm1637_init)
    i.tm1637_lock                            0x08003a18   Section        0  tm1637_1.o(i.tm1637_lock)
    i.tm1637_start                           0x08003a30   Section        0  tm1637_1.o(i.tm1637_start)
    i.tm1637_stop                            0x08003a46   Section        0  tm1637_1.o(i.tm1637_stop)
    i.tm1637_task_init                       0x08003a7c   Section        0  tm1637_1.o(i.tm1637_task_init)
    i.tm1637_task_proceess                   0x08003ac0   Section        0  tm1637_1.o(i.tm1637_task_proceess)
    i.tm1637_unlock                          0x08003c24   Section        0  tm1637_1.o(i.tm1637_unlock)
    i.tm1637_write_byte                      0x08003c2a   Section        0  tm1637_1.o(i.tm1637_write_byte)
    i.tm1637_write_int                       0x08003ce0   Section        0  tm1637_1.o(i.tm1637_write_int)
    i.tm1637_write_raw                       0x08003d64   Section        0  tm1637_1.o(i.tm1637_write_raw)
    i.tm1637_write_segment                   0x08003dde   Section        0  tm1637_1.o(i.tm1637_write_segment)
    i.uxListRemove                           0x08003e06   Section        0  list.o(i.uxListRemove)
    i.vApplicationGetIdleTaskMemory          0x08003e30   Section        0  freertos.o(i.vApplicationGetIdleTaskMemory)
    i.vListInitialise                        0x08003e48   Section        0  list.o(i.vListInitialise)
    i.vListInitialiseItem                    0x08003e62   Section        0  list.o(i.vListInitialiseItem)
    i.vListInsert                            0x08003e68   Section        0  list.o(i.vListInsert)
    i.vListInsertEnd                         0x08003e9c   Section        0  list.o(i.vListInsertEnd)
    i.vPortEnterCritical                     0x08003eb4   Section        0  port.o(i.vPortEnterCritical)
    i.vPortExitCritical                      0x08003f08   Section        0  port.o(i.vPortExitCritical)
    i.vPortFree                              0x08003f44   Section        0  heap_4.o(i.vPortFree)
    i.vPortSetupTimerInterrupt               0x08003fe8   Section        0  port.o(i.vPortSetupTimerInterrupt)
    i.vTaskDelay                             0x08004010   Section        0  tasks.o(i.vTaskDelay)
    i.vTaskStartScheduler                    0x0800406c   Section        0  tasks.o(i.vTaskStartScheduler)
    i.vTaskSuspendAll                        0x0800411c   Section        0  tasks.o(i.vTaskSuspendAll)
    i.vTaskSwitchContext                     0x0800412c   Section        0  tasks.o(i.vTaskSwitchContext)
    i.xPortStartScheduler                    0x080041b8   Section        0  port.o(i.xPortStartScheduler)
    i.xPortSysTickHandler                    0x080042b0   Section        0  port.o(i.xPortSysTickHandler)
    i.xTaskCreate                            0x080042e4   Section        0  tasks.o(i.xTaskCreate)
    i.xTaskCreateStatic                      0x08004348   Section        0  tasks.o(i.xTaskCreateStatic)
    i.xTaskGetSchedulerState                 0x08004404   Section        0  tasks.o(i.xTaskGetSchedulerState)
    i.xTaskIncrementTick                     0x08004424   Section        0  tasks.o(i.xTaskIncrementTick)
    i.xTaskResumeAll                         0x0800456c   Section        0  tasks.o(i.xTaskResumeAll)
    .constdata                               0x08004670   Section      140  freertos.o(.constdata)
    .constdata                               0x080046fc   Section       18  stm32f1xx_hal_rcc.o(.constdata)
    aPLLMULFactorTable                       0x080046fc   Data          16  stm32f1xx_hal_rcc.o(.constdata)
    aPredivFactorTable                       0x0800470c   Data           2  stm32f1xx_hal_rcc.o(.constdata)
    .constdata                               0x0800470e   Section       24  system_stm32f1xx.o(.constdata)
    .constdata                               0x08004726   Section       28  tm1637_1.o(.constdata)
    .conststring                             0x08004744   Section       64  freertos.o(.conststring)
    .data                                    0x20000000   Section       20  freertos.o(.data)
    .data                                    0x20000014   Section        9  stm32f1xx_hal.o(.data)
    .data                                    0x20000020   Section        4  system_stm32f1xx.o(.data)
    .data                                    0x20000024   Section       60  tasks.o(.data)
    pxDelayedTaskList                        0x20000028   Data           4  tasks.o(.data)
    pxOverflowDelayedTaskList                0x2000002c   Data           4  tasks.o(.data)
    uxDeletedTasksWaitingCleanUp             0x20000030   Data           4  tasks.o(.data)
    uxCurrentNumberOfTasks                   0x20000034   Data           4  tasks.o(.data)
    xTickCount                               0x20000038   Data           4  tasks.o(.data)
    uxTopReadyPriority                       0x2000003c   Data           4  tasks.o(.data)
    xSchedulerRunning                        0x20000040   Data           4  tasks.o(.data)
    xPendedTicks                             0x20000044   Data           4  tasks.o(.data)
    xYieldPending                            0x20000048   Data           4  tasks.o(.data)
    xNumOfOverflows                          0x2000004c   Data           4  tasks.o(.data)
    uxTaskNumber                             0x20000050   Data           4  tasks.o(.data)
    xNextTaskUnblockTime                     0x20000054   Data           4  tasks.o(.data)
    xIdleTaskHandle                          0x20000058   Data           4  tasks.o(.data)
    uxSchedulerSuspended                     0x2000005c   Data           4  tasks.o(.data)
    .data                                    0x20000060   Section       32  heap_4.o(.data)
    xStart                                   0x20000060   Data           8  heap_4.o(.data)
    pxEnd                                    0x20000068   Data           4  heap_4.o(.data)
    xFreeBytesRemaining                      0x2000006c   Data           4  heap_4.o(.data)
    xMinimumEverFreeBytesRemaining           0x20000070   Data           4  heap_4.o(.data)
    xNumberOfSuccessfulAllocations           0x20000074   Data           4  heap_4.o(.data)
    xNumberOfSuccessfulFrees                 0x20000078   Data           4  heap_4.o(.data)
    xBlockAllocatedBit                       0x2000007c   Data           4  heap_4.o(.data)
    .data                                    0x20000080   Section       12  port.o(.data)
    uxCriticalNesting                        0x20000080   Data           4  port.o(.data)
    ucMaxSysCallPriority                     0x20000084   Data           1  port.o(.data)
    ulMaxPRIGROUPValue                       0x20000088   Data           4  port.o(.data)
    .data                                    0x2000008c   Section        4  button_4.o(.data)
    Head_Button                              0x2000008c   Data           4  button_4.o(.data)
    .data                                    0x20000090   Section        6  tm1637_1.o(.data)
    digit_segment                            0x20000090   Data           6  tm1637_1.o(.data)
    .data                                    0x20000098   Section        4  stdout.o(.data)
    .bss                                     0x2000009c   Section     3576  freertos.o(.bss)
    xIdleTaskTCBBuffer                       0x20000c40   Data          84  freertos.o(.bss)
    xIdleStack                               0x20000c94   Data         512  freertos.o(.bss)
    .bss                                     0x20000e94   Section       72  tim.o(.bss)
    .bss                                     0x20000edc   Section       72  usart.o(.bss)
    .bss                                     0x20000f24   Section      240  tasks.o(.bss)
    pxReadyTasksLists                        0x20000f24   Data         140  tasks.o(.bss)
    xDelayedTaskList1                        0x20000fb0   Data          20  tasks.o(.bss)
    xDelayedTaskList2                        0x20000fc4   Data          20  tasks.o(.bss)
    xPendingReadyList                        0x20000fd8   Data          20  tasks.o(.bss)
    xTasksWaitingTermination                 0x20000fec   Data          20  tasks.o(.bss)
    xSuspendedTaskList                       0x20001000   Data          20  tasks.o(.bss)
    .bss                                     0x20001014   Section     3072  heap_4.o(.bss)
    ucHeap                                   0x20001014   Data        3072  heap_4.o(.bss)
    .bss                                     0x20001c14   Section      112  button_4.o(.bss)
    .bss                                     0x20001c88   Section       80  tm1637_1.o(.bss)
    tm1637_ic1                               0x20001c88   Data          16  tm1637_1.o(.bss)
    tm1637_ic2                               0x20001c98   Data          16  tm1637_1.o(.bss)
    STACK                                    0x20001cd8   Section     1024  startup_stm32f103xb.o(STACK)

    Global Symbols

    Symbol Name                              Value     Ov Type        Size  Object(Section)

    BuildAttributes$$THM_ISAv4$P$D$K$B$S$PE$A:L22UL41UL21$X:L11$S22US41US21$IEEE1$IW$USESV6$~STKCKD$USESV7$~SHL$OSPACE$ROPI$EBA8$MICROLIB$REQ8$PRES8$EABIv2 0x00000000   Number         0  anon$$obj.o ABSOLUTE
    __ARM_use_no_argv                        0x00000000   Number         0  main.o ABSOLUTE
    _printf_a                                0x00000000   Number         0  stubs.o ABSOLUTE
    _printf_c                                0x00000000   Number         0  stubs.o ABSOLUTE
    _printf_charcount                        0x00000000   Number         0  stubs.o ABSOLUTE
    _printf_d                                0x00000000   Number         0  stubs.o ABSOLUTE
    _printf_e                                0x00000000   Number         0  stubs.o ABSOLUTE
    _printf_f                                0x00000000   Number         0  stubs.o ABSOLUTE
    _printf_flags                            0x00000000   Number         0  stubs.o ABSOLUTE
    _printf_fp_dec                           0x00000000   Number         0  stubs.o ABSOLUTE
    _printf_fp_hex                           0x00000000   Number         0  stubs.o ABSOLUTE
    _printf_g                                0x00000000   Number         0  stubs.o ABSOLUTE
    _printf_i                                0x00000000   Number         0  stubs.o ABSOLUTE
    _printf_int_dec                          0x00000000   Number         0  stubs.o ABSOLUTE
    _printf_l                                0x00000000   Number         0  stubs.o ABSOLUTE
    _printf_lc                               0x00000000   Number         0  stubs.o ABSOLUTE
    _printf_ll                               0x00000000   Number         0  stubs.o ABSOLUTE
    _printf_lld                              0x00000000   Number         0  stubs.o ABSOLUTE
    _printf_lli                              0x00000000   Number         0  stubs.o ABSOLUTE
    _printf_llo                              0x00000000   Number         0  stubs.o ABSOLUTE
    _printf_llu                              0x00000000   Number         0  stubs.o ABSOLUTE
    _printf_llx                              0x00000000   Number         0  stubs.o ABSOLUTE
    _printf_longlong_dec                     0x00000000   Number         0  stubs.o ABSOLUTE
    _printf_longlong_hex                     0x00000000   Number         0  stubs.o ABSOLUTE
    _printf_longlong_oct                     0x00000000   Number         0  stubs.o ABSOLUTE
    _printf_ls                               0x00000000   Number         0  stubs.o ABSOLUTE
    _printf_mbtowc                           0x00000000   Number         0  stubs.o ABSOLUTE
    _printf_n                                0x00000000   Number         0  stubs.o ABSOLUTE
    _printf_o                                0x00000000   Number         0  stubs.o ABSOLUTE
    _printf_p                                0x00000000   Number         0  stubs.o ABSOLUTE
    _printf_percent                          0x00000000   Number         0  stubs.o ABSOLUTE
    _printf_pre_padding                      0x00000000   Number         0  stubs.o ABSOLUTE
    _printf_return_value                     0x00000000   Number         0  stubs.o ABSOLUTE
    _printf_s                                0x00000000   Number         0  stubs.o ABSOLUTE
    _printf_sizespec                         0x00000000   Number         0  stubs.o ABSOLUTE
    _printf_str                              0x00000000   Number         0  stubs.o ABSOLUTE
    _printf_truncate_signed                  0x00000000   Number         0  stubs.o ABSOLUTE
    _printf_truncate_unsigned                0x00000000   Number         0  stubs.o ABSOLUTE
    _printf_u                                0x00000000   Number         0  stubs.o ABSOLUTE
    _printf_wc                               0x00000000   Number         0  stubs.o ABSOLUTE
    _printf_wctomb                           0x00000000   Number         0  stubs.o ABSOLUTE
    _printf_widthprec                        0x00000000   Number         0  stubs.o ABSOLUTE
    _printf_x                                0x00000000   Number         0  stubs.o ABSOLUTE
    __arm_fini_                               - Undefined Weak Reference
    __cpp_initialize__aeabi_                  - Undefined Weak Reference
    __cxa_finalize                            - Undefined Weak Reference
    __decompress                              - Undefined Weak Reference
    _clock_init                               - Undefined Weak Reference
    _microlib_exit                            - Undefined Weak Reference
    __Vectors_Size                           0x000000ec   Number         0  startup_stm32f103xb.o ABSOLUTE
    __Vectors                                0x08000000   Data           4  startup_stm32f103xb.o(RESET)
    __Vectors_End                            0x080000ec   Data           0  startup_stm32f103xb.o(RESET)
    __main                                   0x080000ed   Thumb Code     0  entry.o(.ARM.Collect$$$$00000000)
    _main_stk                                0x080000ed   Thumb Code     0  entry2.o(.ARM.Collect$$$$00000001)
    _main_scatterload                        0x080000f1   Thumb Code     0  entry5.o(.ARM.Collect$$$$00000004)
    __main_after_scatterload                 0x080000f5   Thumb Code     0  entry5.o(.ARM.Collect$$$$00000004)
    _main_clock                              0x080000f5   Thumb Code     0  entry7b.o(.ARM.Collect$$$$00000008)
    _main_cpp_init                           0x080000f5   Thumb Code     0  entry8b.o(.ARM.Collect$$$$0000000A)
    _main_init                               0x080000f5   Thumb Code     0  entry9a.o(.ARM.Collect$$$$0000000B)
    __rt_lib_shutdown_fini                   0x080000fd   Thumb Code     0  entry12b.o(.ARM.Collect$$$$0000000E)
    __rt_final_cpp                           0x08000101   Thumb Code     0  entry10a.o(.ARM.Collect$$$$0000000F)
    __rt_final_exit                          0x08000101   Thumb Code     0  entry11a.o(.ARM.Collect$$$$00000011)
    SVC_Handler                              0x08000105   Thumb Code    32  port.o(.emb_text)
    __asm___6_port_c_39a90d8d__prvStartFirstTask 0x08000129   Thumb Code    28  port.o(.emb_text)
    PendSV_Handler                           0x08000149   Thumb Code    72  port.o(.emb_text)
    vPortGetIPSR                             0x08000195   Thumb Code     6  port.o(.emb_text)
    Reset_Handler                            0x0800019d   Thumb Code     8  startup_stm32f103xb.o(.text)
    ADC1_2_IRQHandler                        0x080001b7   Thumb Code     0  startup_stm32f103xb.o(.text)
    CAN1_RX1_IRQHandler                      0x080001b7   Thumb Code     0  startup_stm32f103xb.o(.text)
    CAN1_SCE_IRQHandler                      0x080001b7   Thumb Code     0  startup_stm32f103xb.o(.text)
    DMA1_Channel1_IRQHandler                 0x080001b7   Thumb Code     0  startup_stm32f103xb.o(.text)
    DMA1_Channel2_IRQHandler                 0x080001b7   Thumb Code     0  startup_stm32f103xb.o(.text)
    DMA1_Channel3_IRQHandler                 0x080001b7   Thumb Code     0  startup_stm32f103xb.o(.text)
    DMA1_Channel4_IRQHandler                 0x080001b7   Thumb Code     0  startup_stm32f103xb.o(.text)
    DMA1_Channel5_IRQHandler                 0x080001b7   Thumb Code     0  startup_stm32f103xb.o(.text)
    DMA1_Channel6_IRQHandler                 0x080001b7   Thumb Code     0  startup_stm32f103xb.o(.text)
    DMA1_Channel7_IRQHandler                 0x080001b7   Thumb Code     0  startup_stm32f103xb.o(.text)
    EXTI15_10_IRQHandler                     0x080001b7   Thumb Code     0  startup_stm32f103xb.o(.text)
    EXTI2_IRQHandler                         0x080001b7   Thumb Code     0  startup_stm32f103xb.o(.text)
    EXTI3_IRQHandler                         0x080001b7   Thumb Code     0  startup_stm32f103xb.o(.text)
    EXTI4_IRQHandler                         0x080001b7   Thumb Code     0  startup_stm32f103xb.o(.text)
    EXTI9_5_IRQHandler                       0x080001b7   Thumb Code     0  startup_stm32f103xb.o(.text)
    FLASH_IRQHandler                         0x080001b7   Thumb Code     0  startup_stm32f103xb.o(.text)
    I2C1_ER_IRQHandler                       0x080001b7   Thumb Code     0  startup_stm32f103xb.o(.text)
    I2C1_EV_IRQHandler                       0x080001b7   Thumb Code     0  startup_stm32f103xb.o(.text)
    I2C2_ER_IRQHandler                       0x080001b7   Thumb Code     0  startup_stm32f103xb.o(.text)
    I2C2_EV_IRQHandler                       0x080001b7   Thumb Code     0  startup_stm32f103xb.o(.text)
    PVD_IRQHandler                           0x080001b7   Thumb Code     0  startup_stm32f103xb.o(.text)
    RCC_IRQHandler                           0x080001b7   Thumb Code     0  startup_stm32f103xb.o(.text)
    RTC_Alarm_IRQHandler                     0x080001b7   Thumb Code     0  startup_stm32f103xb.o(.text)
    RTC_IRQHandler                           0x080001b7   Thumb Code     0  startup_stm32f103xb.o(.text)
    SPI1_IRQHandler                          0x080001b7   Thumb Code     0  startup_stm32f103xb.o(.text)
    SPI2_IRQHandler                          0x080001b7   Thumb Code     0  startup_stm32f103xb.o(.text)
    TAMPER_IRQHandler                        0x080001b7   Thumb Code     0  startup_stm32f103xb.o(.text)
    TIM1_BRK_IRQHandler                      0x080001b7   Thumb Code     0  startup_stm32f103xb.o(.text)
    TIM1_CC_IRQHandler                       0x080001b7   Thumb Code     0  startup_stm32f103xb.o(.text)
    TIM1_TRG_COM_IRQHandler                  0x080001b7   Thumb Code     0  startup_stm32f103xb.o(.text)
    TIM2_IRQHandler                          0x080001b7   Thumb Code     0  startup_stm32f103xb.o(.text)
    TIM3_IRQHandler                          0x080001b7   Thumb Code     0  startup_stm32f103xb.o(.text)
    TIM4_IRQHandler                          0x080001b7   Thumb Code     0  startup_stm32f103xb.o(.text)
    USART2_IRQHandler                        0x080001b7   Thumb Code     0  startup_stm32f103xb.o(.text)
    USART3_IRQHandler                        0x080001b7   Thumb Code     0  startup_stm32f103xb.o(.text)
    USBWakeUp_IRQHandler                     0x080001b7   Thumb Code     0  startup_stm32f103xb.o(.text)
    USB_HP_CAN1_TX_IRQHandler                0x080001b7   Thumb Code     0  startup_stm32f103xb.o(.text)
    USB_LP_CAN1_RX0_IRQHandler               0x080001b7   Thumb Code     0  startup_stm32f103xb.o(.text)
    WWDG_IRQHandler                          0x080001b7   Thumb Code     0  startup_stm32f103xb.o(.text)
    __aeabi_ldivmod                          0x080001c1   Thumb Code    98  ldiv.o(.text)
    __aeabi_llsr                             0x08000223   Thumb Code    32  llushr.o(.text)
    _ll_ushift_r                             0x08000223   Thumb Code     0  llushr.o(.text)
    __aeabi_memcpy                           0x08000243   Thumb Code    36  memcpya.o(.text)
    __aeabi_memcpy4                          0x08000243   Thumb Code     0  memcpya.o(.text)
    __aeabi_memcpy8                          0x08000243   Thumb Code     0  memcpya.o(.text)
    __aeabi_memset                           0x08000267   Thumb Code    14  memseta.o(.text)
    __aeabi_memset4                          0x08000267   Thumb Code     0  memseta.o(.text)
    __aeabi_memset8                          0x08000267   Thumb Code     0  memseta.o(.text)
    __aeabi_memclr                           0x08000275   Thumb Code     4  memseta.o(.text)
    __aeabi_memclr4                          0x08000275   Thumb Code     0  memseta.o(.text)
    __aeabi_memclr8                          0x08000275   Thumb Code     0  memseta.o(.text)
    memset                                   0x08000279   Thumb Code    18  memseta.o(.text)
    __aeabi_uidiv                            0x0800028b   Thumb Code     0  uidiv.o(.text)
    __aeabi_uidivmod                         0x0800028b   Thumb Code    44  uidiv.o(.text)
    __aeabi_uldivmod                         0x080002b7   Thumb Code    98  uldiv.o(.text)
    __I$use$fp                               0x08000319   Thumb Code     0  iusefp.o(.text)
    __aeabi_dadd                             0x08000319   Thumb Code   322  dadd.o(.text)
    __aeabi_dsub                             0x0800045b   Thumb Code     6  dadd.o(.text)
    __aeabi_drsub                            0x08000461   Thumb Code     6  dadd.o(.text)
    __aeabi_dmul                             0x08000467   Thumb Code   228  dmul.o(.text)
    __aeabi_ddiv                             0x0800054b   Thumb Code   222  ddiv.o(.text)
    __aeabi_d2ulz                            0x08000629   Thumb Code    48  dfixul.o(.text)
    __aeabi_cdrcmple                         0x08000659   Thumb Code    48  cdrcmple.o(.text)
    __scatterload                            0x08000689   Thumb Code    28  init.o(.text)
    __scatterload_rt2                        0x08000689   Thumb Code     0  init.o(.text)
    __aeabi_llsl                             0x080006ad   Thumb Code    30  llshl.o(.text)
    _ll_shift_l                              0x080006ad   Thumb Code     0  llshl.o(.text)
    __aeabi_lasr                             0x080006cb   Thumb Code    36  llsshr.o(.text)
    _ll_sshift_r                             0x080006cb   Thumb Code     0  llsshr.o(.text)
    _double_round                            0x080006ef   Thumb Code    30  depilogue.o(.text)
    _double_epilogue                         0x0800070d   Thumb Code   156  depilogue.o(.text)
    Add_Button                               0x080007a9   Thumb Code    24  button_4.o(i.Add_Button)
    BusFault_Handler                         0x080007c5   Thumb Code     4  stm32f1xx_it.o(i.BusFault_Handler)
    Button_Attach                            0x080007c9   Thumb Code    50  button_4.o(i.Button_Attach)
    Button_Attach_ini                        0x080007fd   Thumb Code    44  button_4.o(i.Button_Attach_ini)
    Button_Create                            0x08000851   Thumb Code    78  button_4.o(i.Button_Create)
    Button_Process                           0x080009ed   Thumb Code    22  button_4.o(i.Button_Process)
    DebugMon_Handler                         0x08000a09   Thumb Code     2  stm32f1xx_it.o(i.DebugMon_Handler)
    EXTI0_IRQHandler                         0x08000a0b   Thumb Code    10  stm32f1xx_it.o(i.EXTI0_IRQHandler)
    EXTI1_IRQHandler                         0x08000a15   Thumb Code    10  stm32f1xx_it.o(i.EXTI1_IRQHandler)
    Error_Handler                            0x08000a1f   Thumb Code     6  main.o(i.Error_Handler)
    HAL_DMA_Abort                            0x08000a25   Thumb Code    86  stm32f1xx_hal_dma.o(i.HAL_DMA_Abort)
    HAL_DMA_Abort_IT                         0x08000a7d   Thumb Code   172  stm32f1xx_hal_dma.o(i.HAL_DMA_Abort_IT)
    HAL_Delay                                0x08000b2d   Thumb Code    36  stm32f1xx_hal.o(i.HAL_Delay)
    HAL_GPIO_EXTI_Callback                   0x08000b55   Thumb Code    44  stm32f1xx_it.o(i.HAL_GPIO_EXTI_Callback)
    HAL_GPIO_EXTI_IRQHandler                 0x08000b85   Thumb Code    24  stm32f1xx_hal_gpio.o(i.HAL_GPIO_EXTI_IRQHandler)
    HAL_GPIO_Init                            0x08000ba1   Thumb Code   766  stm32f1xx_hal_gpio.o(i.HAL_GPIO_Init)
    HAL_GPIO_ReadPin                         0x08000ec1   Thumb Code    16  stm32f1xx_hal_gpio.o(i.HAL_GPIO_ReadPin)
    HAL_GPIO_WritePin                        0x08000ed1   Thumb Code    12  stm32f1xx_hal_gpio.o(i.HAL_GPIO_WritePin)
    HAL_GetTick                              0x08000edd   Thumb Code     6  stm32f1xx_hal.o(i.HAL_GetTick)
    HAL_IncTick                              0x08000ee9   Thumb Code    16  stm32f1xx_hal.o(i.HAL_IncTick)
    HAL_Init                                 0x08000f01   Thumb Code    34  stm32f1xx_hal.o(i.HAL_Init)
    HAL_InitTick                             0x08000f29   Thumb Code    64  stm32f1xx_hal.o(i.HAL_InitTick)
    HAL_MspInit                              0x08000f75   Thumb Code    86  stm32f1xx_hal_msp.o(i.HAL_MspInit)
    HAL_NVIC_EnableIRQ                       0x08000fd5   Thumb Code    32  stm32f1xx_hal_cortex.o(i.HAL_NVIC_EnableIRQ)
    HAL_NVIC_SetPriority                     0x08000ff5   Thumb Code   124  stm32f1xx_hal_cortex.o(i.HAL_NVIC_SetPriority)
    HAL_NVIC_SetPriorityGrouping             0x08001071   Thumb Code    32  stm32f1xx_hal_cortex.o(i.HAL_NVIC_SetPriorityGrouping)
    HAL_RCC_ClockConfig                      0x08001099   Thumb Code   376  stm32f1xx_hal_rcc.o(i.HAL_RCC_ClockConfig)
    HAL_RCC_GetHCLKFreq                      0x08001225   Thumb Code     6  stm32f1xx_hal_rcc.o(i.HAL_RCC_GetHCLKFreq)
    HAL_RCC_GetPCLK1Freq                     0x08001231   Thumb Code    22  stm32f1xx_hal_rcc.o(i.HAL_RCC_GetPCLK1Freq)
    HAL_RCC_GetPCLK2Freq                     0x08001251   Thumb Code    22  stm32f1xx_hal_rcc.o(i.HAL_RCC_GetPCLK2Freq)
    HAL_RCC_GetSysClockFreq                  0x08001271   Thumb Code    92  stm32f1xx_hal_rcc.o(i.HAL_RCC_GetSysClockFreq)
    HAL_RCC_OscConfig                        0x080012e1   Thumb Code  1114  stm32f1xx_hal_rcc.o(i.HAL_RCC_OscConfig)
    HAL_SYSTICK_Config                       0x08001745   Thumb Code    52  stm32f1xx_hal_cortex.o(i.HAL_SYSTICK_Config)
    HAL_TIMEx_BreakCallback                  0x08001779   Thumb Code     2  stm32f1xx_hal_tim_ex.o(i.HAL_TIMEx_BreakCallback)
    HAL_TIMEx_CommutCallback                 0x0800177b   Thumb Code     2  stm32f1xx_hal_tim_ex.o(i.HAL_TIMEx_CommutCallback)
    HAL_TIMEx_MasterConfigSynchronization    0x0800177d   Thumb Code   118  stm32f1xx_hal_tim_ex.o(i.HAL_TIMEx_MasterConfigSynchronization)
    HAL_TIM_Base_Init                        0x08001801   Thumb Code   102  stm32f1xx_hal_tim.o(i.HAL_TIM_Base_Init)
    HAL_TIM_Base_MspInit                     0x08001869   Thumb Code    40  tim.o(i.HAL_TIM_Base_MspInit)
    HAL_TIM_Base_Start_IT                    0x08001899   Thumb Code   106  stm32f1xx_hal_tim.o(i.HAL_TIM_Base_Start_IT)
    HAL_TIM_ConfigClockSource                0x08001911   Thumb Code   268  stm32f1xx_hal_tim.o(i.HAL_TIM_ConfigClockSource)
    HAL_TIM_IC_CaptureCallback               0x08001a1d   Thumb Code     2  stm32f1xx_hal_tim.o(i.HAL_TIM_IC_CaptureCallback)
    HAL_TIM_IRQHandler                       0x08001a1f   Thumb Code   364  stm32f1xx_hal_tim.o(i.HAL_TIM_IRQHandler)
    HAL_TIM_OC_DelayElapsedCallback          0x08001b8b   Thumb Code     2  stm32f1xx_hal_tim.o(i.HAL_TIM_OC_DelayElapsedCallback)
    HAL_TIM_PWM_PulseFinishedCallback        0x08001b8d   Thumb Code     2  stm32f1xx_hal_tim.o(i.HAL_TIM_PWM_PulseFinishedCallback)
    HAL_TIM_PeriodElapsedCallback            0x08001b91   Thumb Code    28  stm32f1xx_it.o(i.HAL_TIM_PeriodElapsedCallback)
    HAL_TIM_TriggerCallback                  0x08001bb5   Thumb Code     2  stm32f1xx_hal_tim.o(i.HAL_TIM_TriggerCallback)
    HAL_UARTEx_RxEventCallback               0x08001bb7   Thumb Code     2  stm32f1xx_hal_uart.o(i.HAL_UARTEx_RxEventCallback)
    HAL_UART_ErrorCallback                   0x08001bb9   Thumb Code     2  stm32f1xx_hal_uart.o(i.HAL_UART_ErrorCallback)
    HAL_UART_IRQHandler                      0x08001bbd   Thumb Code   736  stm32f1xx_hal_uart.o(i.HAL_UART_IRQHandler)
    HAL_UART_Init                            0x08001ea1   Thumb Code   118  stm32f1xx_hal_uart.o(i.HAL_UART_Init)
    HAL_UART_MspInit                         0x08001f19   Thumb Code   122  usart.o(i.HAL_UART_MspInit)
    HAL_UART_RxCpltCallback                  0x08001fa1   Thumb Code     2  stm32f1xx_hal_uart.o(i.HAL_UART_RxCpltCallback)
    HAL_UART_Transmit                        0x08001fa3   Thumb Code   190  stm32f1xx_hal_uart.o(i.HAL_UART_Transmit)
    HAL_UART_TxCpltCallback                  0x08002061   Thumb Code     2  stm32f1xx_hal_uart.o(i.HAL_UART_TxCpltCallback)
    HardFault_Handler                        0x08002063   Thumb Code     4  stm32f1xx_it.o(i.HardFault_Handler)
    MX_FREERTOS_Init                         0x08002069   Thumb Code   126  freertos.o(i.MX_FREERTOS_Init)
    MX_GPIO_Init                             0x08002101   Thumb Code   200  gpio.o(i.MX_GPIO_Init)
    MX_TIM1_Init                             0x0800221d   Thumb Code   106  tim.o(i.MX_TIM1_Init)
    MX_USART1_UART_Init                      0x08002291   Thumb Code    46  usart.o(i.MX_USART1_UART_Init)
    MemManage_Handler                        0x080022c9   Thumb Code     4  stm32f1xx_it.o(i.MemManage_Handler)
    NMI_Handler                              0x080022cd   Thumb Code     4  stm32f1xx_it.o(i.NMI_Handler)
    StartButtonTask                          0x08002331   Thumb Code    18  freertos.o(i.StartButtonTask)
    StartCmdLine                             0x08002343   Thumb Code    10  freertos.o(i.StartCmdLine)
    StartCounterTask                         0x0800234d   Thumb Code    42  freertos.o(i.StartCounterTask)
    StartDefaultTask                         0x0800239d   Thumb Code    12  freertos.o(i.StartDefaultTask)
    StartSegDisplay                          0x080023a9   Thumb Code    18  freertos.o(i.StartSegDisplay)
    SysTick_Handler                          0x080023ef   Thumb Code    20  stm32f1xx_it.o(i.SysTick_Handler)
    SystemClock_Config                       0x08002403   Thumb Code    80  main.o(i.SystemClock_Config)
    SystemInit                               0x08002453   Thumb Code     2  system_stm32f1xx.o(i.SystemInit)
    TIM1_UP_IRQHandler                       0x08002455   Thumb Code    10  stm32f1xx_it.o(i.TIM1_UP_IRQHandler)
    TIM_Base_SetConfig                       0x08002465   Thumb Code   120  stm32f1xx_hal_tim.o(i.TIM_Base_SetConfig)
    TIM_ETR_SetConfig                        0x080024e9   Thumb Code    22  stm32f1xx_hal_tim.o(i.TIM_ETR_SetConfig)
    USART1_IRQHandler                        0x080028e5   Thumb Code    10  stm32f1xx_it.o(i.USART1_IRQHandler)
    UsageFault_Handler                       0x080028f5   Thumb Code     4  stm32f1xx_it.o(i.UsageFault_Handler)
    __0printf                                0x080028f9   Thumb Code    22  printfa.o(i.__0printf)
    __1printf                                0x080028f9   Thumb Code     0  printfa.o(i.__0printf)
    __2printf                                0x080028f9   Thumb Code     0  printfa.o(i.__0printf)
    __c89printf                              0x080028f9   Thumb Code     0  printfa.o(i.__0printf)
    printf                                   0x080028f9   Thumb Code     0  printfa.o(i.__0printf)
    __0snprintf                              0x08002919   Thumb Code    48  printfa.o(i.__0snprintf)
    __1snprintf                              0x08002919   Thumb Code     0  printfa.o(i.__0snprintf)
    __2snprintf                              0x08002919   Thumb Code     0  printfa.o(i.__0snprintf)
    __c89snprintf                            0x08002919   Thumb Code     0  printfa.o(i.__0snprintf)
    snprintf                                 0x08002919   Thumb Code     0  printfa.o(i.__0snprintf)
    __scatterload_copy                       0x08002985   Thumb Code    14  handlers.o(i.__scatterload_copy)
    __scatterload_null                       0x08002993   Thumb Code     2  handlers.o(i.__scatterload_null)
    __scatterload_zeroinit                   0x08002995   Thumb Code    14  handlers.o(i.__scatterload_zeroinit)
    fputc                                    0x08003245   Thumb Code    22  main.o(i.fputc)
    main                                     0x08003261   Thumb Code    48  main.o(i.main)
    osDelay                                  0x080032b3   Thumb Code    24  cmsis_os.o(i.osDelay)
    osKernelStart                            0x080032cb   Thumb Code    10  cmsis_os.o(i.osKernelStart)
    osThreadCreate                           0x080032d5   Thumb Code    94  cmsis_os.o(i.osThreadCreate)
    pause_button_down_callcak                0x08003335   Thumb Code    24  freertos.o(i.pause_button_down_callcak)
    pvPortMalloc                             0x080037d1   Thumb Code   306  heap_4.o(i.pvPortMalloc)
    pxPortInitialiseStack                    0x0800391d   Thumb Code    30  port.o(i.pxPortInitialiseStack)
    rst_button_down_callcak                  0x08003941   Thumb Code    10  freertos.o(i.rst_button_down_callcak)
    tm1637_brightness                        0x08003951   Thumb Code    30  tm1637_1.o(i.tm1637_brightness)
    tm1637_delay_us                          0x0800396f   Thumb Code    20  tm1637_1.o(i.tm1637_delay_us)
    tm1637_fill                              0x08003985   Thumb Code    36  tm1637_1.o(i.tm1637_fill)
    tm1637_init                              0x080039b1   Thumb Code   104  tm1637_1.o(i.tm1637_init)
    tm1637_lock                              0x08003a19   Thumb Code    24  tm1637_1.o(i.tm1637_lock)
    tm1637_start                             0x08003a31   Thumb Code    22  tm1637_1.o(i.tm1637_start)
    tm1637_stop                              0x08003a47   Thumb Code    54  tm1637_1.o(i.tm1637_stop)
    tm1637_task_init                         0x08003a7d   Thumb Code    56  tm1637_1.o(i.tm1637_task_init)
    tm1637_task_proceess                     0x08003ac1   Thumb Code   332  tm1637_1.o(i.tm1637_task_proceess)
    tm1637_unlock                            0x08003c25   Thumb Code     6  tm1637_1.o(i.tm1637_unlock)
    tm1637_write_byte                        0x08003c2b   Thumb Code   180  tm1637_1.o(i.tm1637_write_byte)
    tm1637_write_int                         0x08003ce1   Thumb Code   122  tm1637_1.o(i.tm1637_write_int)
    tm1637_write_raw                         0x08003d65   Thumb Code   122  tm1637_1.o(i.tm1637_write_raw)
    tm1637_write_segment                     0x08003ddf   Thumb Code    40  tm1637_1.o(i.tm1637_write_segment)
    uxListRemove                             0x08003e07   Thumb Code    40  list.o(i.uxListRemove)
    vApplicationGetIdleTaskMemory            0x08003e31   Thumb Code    14  freertos.o(i.vApplicationGetIdleTaskMemory)
    vListInitialise                          0x08003e49   Thumb Code    26  list.o(i.vListInitialise)
    vListInitialiseItem                      0x08003e63   Thumb Code     6  list.o(i.vListInitialiseItem)
    vListInsert                              0x08003e69   Thumb Code    52  list.o(i.vListInsert)
    vListInsertEnd                           0x08003e9d   Thumb Code    24  list.o(i.vListInsertEnd)
    vPortEnterCritical                       0x08003eb5   Thumb Code    76  port.o(i.vPortEnterCritical)
    vPortExitCritical                        0x08003f09   Thumb Code    56  port.o(i.vPortExitCritical)
    vPortFree                                0x08003f45   Thumb Code   150  heap_4.o(i.vPortFree)
    vPortSetupTimerInterrupt                 0x08003fe9   Thumb Code    36  port.o(i.vPortSetupTimerInterrupt)
    vTaskDelay                               0x08004011   Thumb Code    82  tasks.o(i.vTaskDelay)
    vTaskStartScheduler                      0x0800406d   Thumb Code   146  tasks.o(i.vTaskStartScheduler)
    vTaskSuspendAll                          0x0800411d   Thumb Code    12  tasks.o(i.vTaskSuspendAll)
    vTaskSwitchContext                       0x0800412d   Thumb Code   118  tasks.o(i.vTaskSwitchContext)
    xPortStartScheduler                      0x080041b9   Thumb Code   228  port.o(i.xPortStartScheduler)
    xPortSysTickHandler                      0x080042b1   Thumb Code    46  port.o(i.xPortSysTickHandler)
    xTaskCreate                              0x080042e5   Thumb Code   100  tasks.o(i.xTaskCreate)
    xTaskCreateStatic                        0x08004349   Thumb Code   186  tasks.o(i.xTaskCreateStatic)
    xTaskGetSchedulerState                   0x08004405   Thumb Code    24  tasks.o(i.xTaskGetSchedulerState)
    xTaskIncrementTick                       0x08004425   Thumb Code   282  tasks.o(i.xTaskIncrementTick)
    xTaskResumeAll                           0x0800456d   Thumb Code   224  tasks.o(i.xTaskResumeAll)
    AHBPrescTable                            0x0800470e   Data          16  system_stm32f1xx.o(.constdata)
    APBPrescTable                            0x0800471e   Data           8  system_stm32f1xx.o(.constdata)
    _tm1637_digit                            0x08004726   Data          10  tm1637_1.o(.constdata)
    _tm1637_on                               0x08004730   Data           6  tm1637_1.o(.constdata)
    _tm1637_off                              0x08004736   Data           6  tm1637_1.o(.constdata)
    fill_off                                 0x0800473c   Data           4  tm1637_1.o(.constdata)
    _tm1637_minus                            0x08004740   Data           1  tm1637_1.o(.constdata)
    _tm1637_dot                              0x08004741   Data           1  tm1637_1.o(.constdata)
    Region$$Table$$Base                      0x08004784   Number         0  anon$$obj.o(Region$$Table)
    Region$$Table$$Limit                     0x080047a4   Number         0  anon$$obj.o(Region$$Table)
    defaultTaskHandle                        0x20000000   Data           4  freertos.o(.data)
    seg_displayHandle                        0x20000004   Data           4  freertos.o(.data)
    counter_taskHandle                       0x20000008   Data           4  freertos.o(.data)
    button_taskHandle                        0x2000000c   Data           4  freertos.o(.data)
    cmd_lineHandle                           0x20000010   Data           4  freertos.o(.data)
    uwTick                                   0x20000014   Data           4  stm32f1xx_hal.o(.data)
    uwTickPrio                               0x20000018   Data           4  stm32f1xx_hal.o(.data)
    uwTickFreq                               0x2000001c   Data           1  stm32f1xx_hal.o(.data)
    SystemCoreClock                          0x20000020   Data           4  system_stm32f1xx.o(.data)
    pxCurrentTCB                             0x20000024   Data           4  tasks.o(.data)
    __stdout                                 0x20000098   Data           4  stdout.o(.data)
    defaultTaskBuffer                        0x2000009c   Data         512  freertos.o(.bss)
    defaultTaskControlBlock                  0x2000029c   Data          84  freertos.o(.bss)
    seg_displayBuffer                        0x200002f0   Data         512  freertos.o(.bss)
    seg_displayControlBlock                  0x200004f0   Data          84  freertos.o(.bss)
    counter_taskBuffer                       0x20000544   Data         512  freertos.o(.bss)
    counter_taskControlBlock                 0x20000744   Data          84  freertos.o(.bss)
    button_taskBuffer                        0x20000798   Data         512  freertos.o(.bss)
    button_taskControlBlock                  0x20000998   Data          84  freertos.o(.bss)
    cmd_lineBuffer                           0x200009ec   Data         512  freertos.o(.bss)
    cmd_lineControlBlock                     0x20000bec   Data          84  freertos.o(.bss)
    htim1                                    0x20000e94   Data          72  tim.o(.bss)
    huart1                                   0x20000edc   Data          72  usart.o(.bss)
    sw0                                      0x20001c14   Data          56  button_4.o(.bss)
    sw1                                      0x20001c4c   Data          56  button_4.o(.bss)
    rtc_display                              0x20001ca8   Data          32  tm1637_1.o(.bss)
    counter_display                          0x20001cc8   Data          16  tm1637_1.o(.bss)
    __initial_sp                             0x200020d8   Data           0  startup_stm32f103xb.o(STACK)



==============================================================================

Memory Map of the image

  Image Entry point : 0x080000ed

  Load Region LR_IROM1 (Base: 0x08000000, Size: 0x00004840, Max: 0x00010000, ABSOLUTE)

    Execution Region ER_IROM1 (Exec base: 0x08000000, Load base: 0x08000000, Size: 0x000047a4, Max: 0x00010000, ABSOLUTE)

    Exec Addr    Load Addr    Size         Type   Attr      Idx    E Section Name        Object

    0x08000000   0x08000000   0x000000ec   Data   RO            3    RESET               startup_stm32f103xb.o
    0x080000ec   0x080000ec   0x00000000   Code   RO         4519  * .ARM.Collect$$$$00000000  mc_w.l(entry.o)
    0x080000ec   0x080000ec   0x00000004   Code   RO         4799    .ARM.Collect$$$$00000001  mc_w.l(entry2.o)
    0x080000f0   0x080000f0   0x00000004   Code   RO         4802    .ARM.Collect$$$$00000004  mc_w.l(entry5.o)
    0x080000f4   0x080000f4   0x00000000   Code   RO         4804    .ARM.Collect$$$$00000008  mc_w.l(entry7b.o)
    0x080000f4   0x080000f4   0x00000000   Code   RO         4806    .ARM.Collect$$$$0000000A  mc_w.l(entry8b.o)
    0x080000f4   0x080000f4   0x00000008   Code   RO         4807    .ARM.Collect$$$$0000000B  mc_w.l(entry9a.o)
    0x080000fc   0x080000fc   0x00000004   Code   RO         4814    .ARM.Collect$$$$0000000E  mc_w.l(entry12b.o)
    0x08000100   0x08000100   0x00000000   Code   RO         4809    .ARM.Collect$$$$0000000F  mc_w.l(entry10a.o)
    0x08000100   0x08000100   0x00000000   Code   RO         4811    .ARM.Collect$$$$00000011  mc_w.l(entry11a.o)
    0x08000100   0x08000100   0x00000004   Code   RO         4800    .ARM.Collect$$$$00002712  mc_w.l(entry2.o)
    0x08000104   0x08000104   0x00000096   Code   RO         4219    .emb_text           port.o
    0x0800019a   0x0800019a   0x00000002   PAD
    0x0800019c   0x0800019c   0x00000024   Code   RO            4    .text               startup_stm32f103xb.o
    0x080001c0   0x080001c0   0x00000062   Code   RO         4522    .text               mc_w.l(ldiv.o)
    0x08000222   0x08000222   0x00000020   Code   RO         4524    .text               mc_w.l(llushr.o)
    0x08000242   0x08000242   0x00000024   Code   RO         4526    .text               mc_w.l(memcpya.o)
    0x08000266   0x08000266   0x00000024   Code   RO         4530    .text               mc_w.l(memseta.o)
    0x0800028a   0x0800028a   0x0000002c   Code   RO         4816    .text               mc_w.l(uidiv.o)
    0x080002b6   0x080002b6   0x00000062   Code   RO         4818    .text               mc_w.l(uldiv.o)
    0x08000318   0x08000318   0x00000000   Code   RO         4820    .text               mc_w.l(iusefp.o)
    0x08000318   0x08000318   0x0000014e   Code   RO         4821    .text               mf_w.l(dadd.o)
    0x08000466   0x08000466   0x000000e4   Code   RO         4823    .text               mf_w.l(dmul.o)
    0x0800054a   0x0800054a   0x000000de   Code   RO         4825    .text               mf_w.l(ddiv.o)
    0x08000628   0x08000628   0x00000030   Code   RO         4827    .text               mf_w.l(dfixul.o)
    0x08000658   0x08000658   0x00000030   Code   RO         4829    .text               mf_w.l(cdrcmple.o)
    0x08000688   0x08000688   0x00000024   Code   RO         4831    .text               mc_w.l(init.o)
    0x080006ac   0x080006ac   0x0000001e   Code   RO         4833    .text               mc_w.l(llshl.o)
    0x080006ca   0x080006ca   0x00000024   Code   RO         4835    .text               mc_w.l(llsshr.o)
    0x080006ee   0x080006ee   0x000000ba   Code   RO         4837    .text               mf_w.l(depilogue.o)
    0x080007a8   0x080007a8   0x0000001c   Code   RO         4299    i.Add_Button        button_4.o
    0x080007c4   0x080007c4   0x00000004   Code   RO          419    i.BusFault_Handler  stm32f1xx_it.o
    0x080007c8   0x080007c8   0x00000032   Code   RO         4300    i.Button_Attach     button_4.o
    0x080007fa   0x080007fa   0x00000002   PAD
    0x080007fc   0x080007fc   0x00000054   Code   RO         4301    i.Button_Attach_ini  button_4.o
    0x08000850   0x08000850   0x0000004e   Code   RO         4302    i.Button_Create     button_4.o
    0x0800089e   0x0800089e   0x0000014e   Code   RO         4303    i.Button_Cycle_Process  button_4.o
    0x080009ec   0x080009ec   0x0000001c   Code   RO         4305    i.Button_Process    button_4.o
    0x08000a08   0x08000a08   0x00000002   Code   RO          420    i.DebugMon_Handler  stm32f1xx_it.o
    0x08000a0a   0x08000a0a   0x0000000a   Code   RO          421    i.EXTI0_IRQHandler  stm32f1xx_it.o
    0x08000a14   0x08000a14   0x0000000a   Code   RO          422    i.EXTI1_IRQHandler  stm32f1xx_it.o
    0x08000a1e   0x08000a1e   0x00000006   Code   RO           13    i.Error_Handler     main.o
    0x08000a24   0x08000a24   0x00000056   Code   RO          965    i.HAL_DMA_Abort     stm32f1xx_hal_dma.o
    0x08000a7a   0x08000a7a   0x00000002   PAD
    0x08000a7c   0x08000a7c   0x000000b0   Code   RO          966    i.HAL_DMA_Abort_IT  stm32f1xx_hal_dma.o
    0x08000b2c   0x08000b2c   0x00000028   Code   RO          586    i.HAL_Delay         stm32f1xx_hal.o
    0x08000b54   0x08000b54   0x00000030   Code   RO          423    i.HAL_GPIO_EXTI_Callback  stm32f1xx_it.o
    0x08000b84   0x08000b84   0x0000001c   Code   RO          900    i.HAL_GPIO_EXTI_IRQHandler  stm32f1xx_hal_gpio.o
    0x08000ba0   0x08000ba0   0x00000320   Code   RO          901    i.HAL_GPIO_Init     stm32f1xx_hal_gpio.o
    0x08000ec0   0x08000ec0   0x00000010   Code   RO          903    i.HAL_GPIO_ReadPin  stm32f1xx_hal_gpio.o
    0x08000ed0   0x08000ed0   0x0000000c   Code   RO          905    i.HAL_GPIO_WritePin  stm32f1xx_hal_gpio.o
    0x08000edc   0x08000edc   0x0000000c   Code   RO          590    i.HAL_GetTick       stm32f1xx_hal.o
    0x08000ee8   0x08000ee8   0x00000018   Code   RO          596    i.HAL_IncTick       stm32f1xx_hal.o
    0x08000f00   0x08000f00   0x00000028   Code   RO          597    i.HAL_Init          stm32f1xx_hal.o
    0x08000f28   0x08000f28   0x0000004c   Code   RO          598    i.HAL_InitTick      stm32f1xx_hal.o
    0x08000f74   0x08000f74   0x00000060   Code   RO          519    i.HAL_MspInit       stm32f1xx_hal_msp.o
    0x08000fd4   0x08000fd4   0x00000020   Code   RO         1061    i.HAL_NVIC_EnableIRQ  stm32f1xx_hal_cortex.o
    0x08000ff4   0x08000ff4   0x0000007c   Code   RO         1067    i.HAL_NVIC_SetPriority  stm32f1xx_hal_cortex.o
    0x08001070   0x08001070   0x00000028   Code   RO         1068    i.HAL_NVIC_SetPriorityGrouping  stm32f1xx_hal_cortex.o
    0x08001098   0x08001098   0x0000018c   Code   RO          754    i.HAL_RCC_ClockConfig  stm32f1xx_hal_rcc.o
    0x08001224   0x08001224   0x0000000c   Code   RO          759    i.HAL_RCC_GetHCLKFreq  stm32f1xx_hal_rcc.o
    0x08001230   0x08001230   0x00000020   Code   RO          761    i.HAL_RCC_GetPCLK1Freq  stm32f1xx_hal_rcc.o
    0x08001250   0x08001250   0x00000020   Code   RO          762    i.HAL_RCC_GetPCLK2Freq  stm32f1xx_hal_rcc.o
    0x08001270   0x08001270   0x00000070   Code   RO          763    i.HAL_RCC_GetSysClockFreq  stm32f1xx_hal_rcc.o
    0x080012e0   0x080012e0   0x00000464   Code   RO          766    i.HAL_RCC_OscConfig  stm32f1xx_hal_rcc.o
    0x08001744   0x08001744   0x00000034   Code   RO         1072    i.HAL_SYSTICK_Config  stm32f1xx_hal_cortex.o
    0x08001778   0x08001778   0x00000002   Code   RO         2304    i.HAL_TIMEx_BreakCallback  stm32f1xx_hal_tim_ex.o
    0x0800177a   0x0800177a   0x00000002   Code   RO         2305    i.HAL_TIMEx_CommutCallback  stm32f1xx_hal_tim_ex.o
    0x0800177c   0x0800177c   0x00000084   Code   RO         2323    i.HAL_TIMEx_MasterConfigSynchronization  stm32f1xx_hal_tim_ex.o
    0x08001800   0x08001800   0x00000066   Code   RO         1589    i.HAL_TIM_Base_Init  stm32f1xx_hal_tim.o
    0x08001866   0x08001866   0x00000002   PAD
    0x08001868   0x08001868   0x00000030   Code   RO          336    i.HAL_TIM_Base_MspInit  tim.o
    0x08001898   0x08001898   0x00000078   Code   RO         1594    i.HAL_TIM_Base_Start_IT  stm32f1xx_hal_tim.o
    0x08001910   0x08001910   0x0000010c   Code   RO         1598    i.HAL_TIM_ConfigClockSource  stm32f1xx_hal_tim.o
    0x08001a1c   0x08001a1c   0x00000002   Code   RO         1623    i.HAL_TIM_IC_CaptureCallback  stm32f1xx_hal_tim.o
    0x08001a1e   0x08001a1e   0x0000016c   Code   RO         1637    i.HAL_TIM_IRQHandler  stm32f1xx_hal_tim.o
    0x08001b8a   0x08001b8a   0x00000002   Code   RO         1640    i.HAL_TIM_OC_DelayElapsedCallback  stm32f1xx_hal_tim.o
    0x08001b8c   0x08001b8c   0x00000002   Code   RO         1667    i.HAL_TIM_PWM_PulseFinishedCallback  stm32f1xx_hal_tim.o
    0x08001b8e   0x08001b8e   0x00000002   PAD
    0x08001b90   0x08001b90   0x00000024   Code   RO          424    i.HAL_TIM_PeriodElapsedCallback  stm32f1xx_it.o
    0x08001bb4   0x08001bb4   0x00000002   Code   RO         1680    i.HAL_TIM_TriggerCallback  stm32f1xx_hal_tim.o
    0x08001bb6   0x08001bb6   0x00000002   Code   RO         2583    i.HAL_UARTEx_RxEventCallback  stm32f1xx_hal_uart.o
    0x08001bb8   0x08001bb8   0x00000002   Code   RO         2597    i.HAL_UART_ErrorCallback  stm32f1xx_hal_uart.o
    0x08001bba   0x08001bba   0x00000002   PAD
    0x08001bbc   0x08001bbc   0x000002e4   Code   RO         2600    i.HAL_UART_IRQHandler  stm32f1xx_hal_uart.o
    0x08001ea0   0x08001ea0   0x00000076   Code   RO         2601    i.HAL_UART_Init     stm32f1xx_hal_uart.o
    0x08001f16   0x08001f16   0x00000002   PAD
    0x08001f18   0x08001f18   0x00000088   Code   RO          378    i.HAL_UART_MspInit  usart.o
    0x08001fa0   0x08001fa0   0x00000002   Code   RO         2607    i.HAL_UART_RxCpltCallback  stm32f1xx_hal_uart.o
    0x08001fa2   0x08001fa2   0x000000be   Code   RO         2609    i.HAL_UART_Transmit  stm32f1xx_hal_uart.o
    0x08002060   0x08002060   0x00000002   Code   RO         2612    i.HAL_UART_TxCpltCallback  stm32f1xx_hal_uart.o
    0x08002062   0x08002062   0x00000004   Code   RO          425    i.HardFault_Handler  stm32f1xx_it.o
    0x08002066   0x08002066   0x00000002   PAD
    0x08002068   0x08002068   0x00000098   Code   RO          235    i.MX_FREERTOS_Init  freertos.o
    0x08002100   0x08002100   0x000000d8   Code   RO          211    i.MX_GPIO_Init      gpio.o
    0x080021d8   0x080021d8   0x00000044   Code   RO           14    i.MX_NVIC_Init      main.o
    0x0800221c   0x0800221c   0x00000074   Code   RO          337    i.MX_TIM1_Init      tim.o
    0x08002290   0x08002290   0x00000038   Code   RO          379    i.MX_USART1_UART_Init  usart.o
    0x080022c8   0x080022c8   0x00000004   Code   RO          426    i.MemManage_Handler  stm32f1xx_it.o
    0x080022cc   0x080022cc   0x00000004   Code   RO          427    i.NMI_Handler       stm32f1xx_it.o
    0x080022d0   0x080022d0   0x00000028   Code   RO          767    i.RCC_Delay         stm32f1xx_hal_rcc.o
    0x080022f8   0x080022f8   0x0000001c   Code   RO         4306    i.Read_SW0_Level    button_4.o
    0x08002314   0x08002314   0x0000001c   Code   RO         4307    i.Read_SW1_Level    button_4.o
    0x08002330   0x08002330   0x00000012   Code   RO          236    i.StartButtonTask   freertos.o
    0x08002342   0x08002342   0x0000000a   Code   RO          237    i.StartCmdLine      freertos.o
    0x0800234c   0x0800234c   0x00000050   Code   RO          238    i.StartCounterTask  freertos.o
    0x0800239c   0x0800239c   0x0000000c   Code   RO          239    i.StartDefaultTask  freertos.o
    0x080023a8   0x080023a8   0x00000012   Code   RO          240    i.StartSegDisplay   freertos.o
    0x080023ba   0x080023ba   0x00000034   Code   RO         4308    i.StrnCopy          button_4.o
    0x080023ee   0x080023ee   0x00000014   Code   RO          428    i.SysTick_Handler   stm32f1xx_it.o
    0x08002402   0x08002402   0x00000050   Code   RO           15    i.SystemClock_Config  main.o
    0x08002452   0x08002452   0x00000002   Code   RO         2945    i.SystemInit        system_stm32f1xx.o
    0x08002454   0x08002454   0x00000010   Code   RO          429    i.TIM1_UP_IRQHandler  stm32f1xx_it.o
    0x08002464   0x08002464   0x00000084   Code   RO         1682    i.TIM_Base_SetConfig  stm32f1xx_hal_tim.o
    0x080024e8   0x080024e8   0x00000016   Code   RO         1693    i.TIM_ETR_SetConfig  stm32f1xx_hal_tim.o
    0x080024fe   0x080024fe   0x00000012   Code   RO         1694    i.TIM_ITRx_SetConfig  stm32f1xx_hal_tim.o
    0x08002510   0x08002510   0x00000026   Code   RO         1700    i.TIM_TI1_ConfigInputStage  stm32f1xx_hal_tim.o
    0x08002536   0x08002536   0x00000028   Code   RO         1702    i.TIM_TI2_ConfigInputStage  stm32f1xx_hal_tim.o
    0x0800255e   0x0800255e   0x00000014   Code   RO         2614    i.UART_DMAAbortOnError  stm32f1xx_hal_uart.o
    0x08002572   0x08002572   0x0000006c   Code   RO         2624    i.UART_EndRxTransfer  stm32f1xx_hal_uart.o
    0x080025de   0x080025de   0x00000020   Code   RO         2625    i.UART_EndTransmit_IT  stm32f1xx_hal_uart.o
    0x080025fe   0x080025fe   0x000000fc   Code   RO         2627    i.UART_Receive_IT   stm32f1xx_hal_uart.o
    0x080026fa   0x080026fa   0x00000002   PAD
    0x080026fc   0x080026fc   0x000000fc   Code   RO         2628    i.UART_SetConfig    stm32f1xx_hal_uart.o
    0x080027f8   0x080027f8   0x00000060   Code   RO         2631    i.UART_Transmit_IT  stm32f1xx_hal_uart.o
    0x08002858   0x08002858   0x0000008c   Code   RO         2632    i.UART_WaitOnFlagUntilTimeout  stm32f1xx_hal_uart.o
    0x080028e4   0x080028e4   0x00000010   Code   RO          430    i.USART1_IRQHandler  stm32f1xx_it.o
    0x080028f4   0x080028f4   0x00000004   Code   RO          431    i.UsageFault_Handler  stm32f1xx_it.o
    0x080028f8   0x080028f8   0x00000020   Code   RO         4769    i.__0printf         mc_w.l(printfa.o)
    0x08002918   0x08002918   0x00000034   Code   RO         4770    i.__0snprintf       mc_w.l(printfa.o)
    0x0800294c   0x0800294c   0x00000010   Code   RO         1074    i.__NVIC_GetPriorityGrouping  stm32f1xx_hal_cortex.o
    0x0800295c   0x0800295c   0x00000028   Code   RO         1075    i.__NVIC_SetPriority  stm32f1xx_hal_cortex.o
    0x08002984   0x08002984   0x0000000e   Code   RO         4841    i.__scatterload_copy  mc_w.l(handlers.o)
    0x08002992   0x08002992   0x00000002   Code   RO         4842    i.__scatterload_null  mc_w.l(handlers.o)
    0x08002994   0x08002994   0x0000000e   Code   RO         4843    i.__scatterload_zeroinit  mc_w.l(handlers.o)
    0x080029a2   0x080029a2   0x00000002   PAD
    0x080029a4   0x080029a4   0x00000184   Code   RO         4776    i._fp_digits        mc_w.l(printfa.o)
    0x08002b28   0x08002b28   0x000006b4   Code   RO         4777    i._printf_core      mc_w.l(printfa.o)
    0x080031dc   0x080031dc   0x00000024   Code   RO         4778    i._printf_post_padding  mc_w.l(printfa.o)
    0x08003200   0x08003200   0x0000002e   Code   RO         4779    i._printf_pre_padding  mc_w.l(printfa.o)
    0x0800322e   0x0800322e   0x00000016   Code   RO         4780    i._snputc           mc_w.l(printfa.o)
    0x08003244   0x08003244   0x0000001c   Code   RO           17    i.fputc             main.o
    0x08003260   0x08003260   0x00000044   Code   RO           18    i.main              main.o
    0x080032a4   0x080032a4   0x0000000e   Code   RO         3785    i.makeFreeRtosPriority  cmsis_os.o
    0x080032b2   0x080032b2   0x00000018   Code   RO         3787    i.osDelay           cmsis_os.o
    0x080032ca   0x080032ca   0x0000000a   Code   RO         3790    i.osKernelStart     cmsis_os.o
    0x080032d4   0x080032d4   0x0000005e   Code   RO         3824    i.osThreadCreate    cmsis_os.o
    0x08003332   0x08003332   0x00000002   PAD
    0x08003334   0x08003334   0x0000001c   Code   RO          241    i.pause_button_down_callcak  freertos.o
    0x08003350   0x08003350   0x00000098   Code   RO         3456    i.prvAddCurrentTaskToDelayedList  tasks.o
    0x080033e8   0x080033e8   0x000000b4   Code   RO         3457    i.prvAddNewTaskToReadyList  tasks.o
    0x0800349c   0x0800349c   0x00000048   Code   RO         3458    i.prvCheckTasksWaitingTermination  tasks.o
    0x080034e4   0x080034e4   0x00000050   Code   RO         3459    i.prvDeleteTCB      tasks.o
    0x08003534   0x08003534   0x0000007c   Code   RO         4152    i.prvHeapInit       heap_4.o
    0x080035b0   0x080035b0   0x00000028   Code   RO         3460    i.prvIdleTask       tasks.o
    0x080035d8   0x080035d8   0x000000b4   Code   RO         3461    i.prvInitialiseNewTask  tasks.o
    0x0800368c   0x0800368c   0x00000068   Code   RO         3462    i.prvInitialiseTaskLists  tasks.o
    0x080036f4   0x080036f4   0x00000068   Code   RO         4153    i.prvInsertBlockIntoFreeList  heap_4.o
    0x0800375c   0x0800375c   0x00000034   Code   RO         3463    i.prvResetNextTaskUnblockTime  tasks.o
    0x08003790   0x08003790   0x00000040   Code   RO         4220    i.prvTaskExitError  port.o
    0x080037d0   0x080037d0   0x0000014c   Code   RO         4154    i.pvPortMalloc      heap_4.o
    0x0800391c   0x0800391c   0x00000024   Code   RO         4221    i.pxPortInitialiseStack  port.o
    0x08003940   0x08003940   0x00000010   Code   RO          242    i.rst_button_down_callcak  freertos.o
    0x08003950   0x08003950   0x0000001e   Code   RO         4397    i.tm1637_brightness  tm1637_1.o
    0x0800396e   0x0800396e   0x00000014   Code   RO         4398    i.tm1637_delay_us   tm1637_1.o
    0x08003982   0x08003982   0x00000002   PAD
    0x08003984   0x08003984   0x0000002c   Code   RO         4399    i.tm1637_fill       tm1637_1.o
    0x080039b0   0x080039b0   0x00000068   Code   RO         4400    i.tm1637_init       tm1637_1.o
    0x08003a18   0x08003a18   0x00000018   Code   RO         4401    i.tm1637_lock       tm1637_1.o
    0x08003a30   0x08003a30   0x00000016   Code   RO         4403    i.tm1637_start      tm1637_1.o
    0x08003a46   0x08003a46   0x00000036   Code   RO         4404    i.tm1637_stop       tm1637_1.o
    0x08003a7c   0x08003a7c   0x00000044   Code   RO         4405    i.tm1637_task_init  tm1637_1.o
    0x08003ac0   0x08003ac0   0x00000164   Code   RO         4406    i.tm1637_task_proceess  tm1637_1.o
    0x08003c24   0x08003c24   0x00000006   Code   RO         4407    i.tm1637_unlock     tm1637_1.o
    0x08003c2a   0x08003c2a   0x000000b4   Code   RO         4408    i.tm1637_write_byte  tm1637_1.o
    0x08003cde   0x08003cde   0x00000002   PAD
    0x08003ce0   0x08003ce0   0x00000084   Code   RO         4410    i.tm1637_write_int  tm1637_1.o
    0x08003d64   0x08003d64   0x0000007a   Code   RO         4411    i.tm1637_write_raw  tm1637_1.o
    0x08003dde   0x08003dde   0x00000028   Code   RO         4412    i.tm1637_write_segment  tm1637_1.o
    0x08003e06   0x08003e06   0x00000028   Code   RO         3082    i.uxListRemove      list.o
    0x08003e2e   0x08003e2e   0x00000002   PAD
    0x08003e30   0x08003e30   0x00000018   Code   RO          243    i.vApplicationGetIdleTaskMemory  freertos.o
    0x08003e48   0x08003e48   0x0000001a   Code   RO         3083    i.vListInitialise   list.o
    0x08003e62   0x08003e62   0x00000006   Code   RO         3084    i.vListInitialiseItem  list.o
    0x08003e68   0x08003e68   0x00000034   Code   RO         3085    i.vListInsert       list.o
    0x08003e9c   0x08003e9c   0x00000018   Code   RO         3086    i.vListInsertEnd    list.o
    0x08003eb4   0x08003eb4   0x00000054   Code   RO         4223    i.vPortEnterCritical  port.o
    0x08003f08   0x08003f08   0x0000003c   Code   RO         4224    i.vPortExitCritical  port.o
    0x08003f44   0x08003f44   0x000000a4   Code   RO         4155    i.vPortFree         heap_4.o
    0x08003fe8   0x08003fe8   0x00000028   Code   RO         4225    i.vPortSetupTimerInterrupt  port.o
    0x08004010   0x08004010   0x0000005c   Code   RO         3472    i.vTaskDelay        tasks.o
    0x0800406c   0x0800406c   0x000000b0   Code   RO         3485    i.vTaskStartScheduler  tasks.o
    0x0800411c   0x0800411c   0x00000010   Code   RO         3487    i.vTaskSuspendAll   tasks.o
    0x0800412c   0x0800412c   0x0000008c   Code   RO         3488    i.vTaskSwitchContext  tasks.o
    0x080041b8   0x080041b8   0x000000f8   Code   RO         4227    i.xPortStartScheduler  port.o
    0x080042b0   0x080042b0   0x00000034   Code   RO         4228    i.xPortSysTickHandler  port.o
    0x080042e4   0x080042e4   0x00000064   Code   RO         3491    i.xTaskCreate       tasks.o
    0x08004348   0x08004348   0x000000ba   Code   RO         3492    i.xTaskCreateStatic  tasks.o
    0x08004402   0x08004402   0x00000002   PAD
    0x08004404   0x08004404   0x00000020   Code   RO         3496    i.xTaskGetSchedulerState  tasks.o
    0x08004424   0x08004424   0x00000148   Code   RO         3499    i.xTaskIncrementTick  tasks.o
    0x0800456c   0x0800456c   0x00000104   Code   RO         3505    i.xTaskResumeAll    tasks.o
    0x08004670   0x08004670   0x0000008c   Data   RO          245    .constdata          freertos.o
    0x080046fc   0x080046fc   0x00000012   Data   RO          768    .constdata          stm32f1xx_hal_rcc.o
    0x0800470e   0x0800470e   0x00000018   Data   RO         2946    .constdata          system_stm32f1xx.o
    0x08004726   0x08004726   0x0000001c   Data   RO         4414    .constdata          tm1637_1.o
    0x08004742   0x08004742   0x00000002   PAD
    0x08004744   0x08004744   0x00000040   Data   RO          246    .conststring        freertos.o
    0x08004784   0x08004784   0x00000020   Data   RO         4839    Region$$Table       anon$$obj.o


    Execution Region RW_IRAM1 (Exec base: 0x20000000, Load base: 0x080047a4, Size: 0x000020d8, Max: 0x00005000, ABSOLUTE)

    Exec Addr    Load Addr    Size         Type   Attr      Idx    E Section Name        Object

    0x20000000   0x080047a4   0x00000014   Data   RW          247    .data               freertos.o
    0x20000014   0x080047b8   0x00000009   Data   RW          604    .data               stm32f1xx_hal.o
    0x2000001d   0x080047c1   0x00000003   PAD
    0x20000020   0x080047c4   0x00000004   Data   RW         2947    .data               system_stm32f1xx.o
    0x20000024   0x080047c8   0x0000003c   Data   RW         3508    .data               tasks.o
    0x20000060   0x08004804   0x00000020   Data   RW         4161    .data               heap_4.o
    0x20000080   0x08004824   0x0000000c   Data   RW         4229    .data               port.o
    0x2000008c   0x08004830   0x00000004   Data   RW         4310    .data               button_4.o
    0x20000090   0x08004834   0x00000006   Data   RW         4415    .data               tm1637_1.o
    0x20000096   0x0800483a   0x00000002   PAD
    0x20000098   0x0800483c   0x00000004   Data   RW         4815    .data               mc_w.l(stdout.o)
    0x2000009c        -       0x00000df8   Zero   RW          244    .bss                freertos.o
    0x20000e94        -       0x00000048   Zero   RW          338    .bss                tim.o
    0x20000edc        -       0x00000048   Zero   RW          380    .bss                usart.o
    0x20000f24        -       0x000000f0   Zero   RW         3507    .bss                tasks.o
    0x20001014        -       0x00000c00   Zero   RW         4160    .bss                heap_4.o
    0x20001c14        -       0x00000070   Zero   RW         4309    .bss                button_4.o
    0x20001c84   0x08004840   0x00000004   PAD
    0x20001c88        -       0x00000050   Zero   RW         4413    .bss                tm1637_1.o
    0x20001cd8        -       0x00000400   Zero   RW            1    STACK               startup_stm32f103xb.o


==============================================================================

Image component sizes


      Code (inc. data)   RO Data    RW Data    ZI Data      Debug   Object Name

       710         62          0          4        112       7384   button_4.o
       142          0          0          0          0      22979   cmsis_os.o
         0          0          0          0          0      17060   event_groups.o
       358         84        204         20       3576       6214   freertos.o
       216         16          0          0          0        931   gpio.o
       724         74          0         32       3072       7263   heap_4.o
       148          0          0          0          0       3366   list.o
       250         26          0          0          0     461620   main.o
       734         64          0         12          0      10276   port.o
        36          8        236          0       1024        792   startup_stm32f103xb.o
       192         36          0          9          0       5797   stm32f1xx_hal.o
       304         22          0          0          0      29355   stm32f1xx_hal_cortex.o
       262          4          0          0          0       1719   stm32f1xx_hal_dma.o
       856         38          0          0          0       3862   stm32f1xx_hal_gpio.o
        96         10          0          0          0        878   stm32f1xx_hal_msp.o
      1748         98         18          0          0       5880   stm32f1xx_hal_rcc.o
      1112         26          0          0          0       9199   stm32f1xx_hal_tim.o
       136         14          0          0          0       2381   stm32f1xx_hal_tim_ex.o
      1956          8          0          0          0      10908   stm32f1xx_hal_uart.o
       178         24          0          0          0       6328   stm32f1xx_it.o
         0          0          0          0          0        432   stream_buffer.o
         2          0         24          4          0       1083   system_stm32f1xx.o
      2190        278          0         60        240      20282   tasks.o
       164         18          0          0         72       1574   tim.o
      1202         54         28          6         80       9950   tm1637_1.o
       192         24          0          0         72       1606   usart.o

    ----------------------------------------------------------------------
     13936        988        544        152       8252     649119   Object Totals
         0          0         32          0          0          0   (incl. Generated)
        28          0          2          5          4          0   (incl. Padding)

    ----------------------------------------------------------------------

      Code (inc. data)   RO Data    RW Data    ZI Data      Debug   Library Member Name

         0          0          0          0          0          0   entry.o
         0          0          0          0          0          0   entry10a.o
         0          0          0          0          0          0   entry11a.o
         4          0          0          0          0          0   entry12b.o
         8          4          0          0          0          0   entry2.o
         4          0          0          0          0          0   entry5.o
         0          0          0          0          0          0   entry7b.o
         0          0          0          0          0          0   entry8b.o
         8          4          0          0          0          0   entry9a.o
        30          0          0          0          0          0   handlers.o
        36          8          0          0          0         68   init.o
         0          0          0          0          0          0   iusefp.o
        98          0          0          0          0         84   ldiv.o
        30          0          0          0          0         68   llshl.o
        36          0          0          0          0         68   llsshr.o
        32          0          0          0          0         68   llushr.o
        36          0          0          0          0         68   memcpya.o
        36          0          0          0          0        108   memseta.o
      2292         94          0          0          0        620   printfa.o
         0          0          0          4          0          0   stdout.o
        44          0          0          0          0         80   uidiv.o
        98          0          0          0          0         92   uldiv.o
        48          0          0          0          0         68   cdrcmple.o
       334          0          0          0          0        148   dadd.o
       222          0          0          0          0        100   ddiv.o
       186          0          0          0          0        176   depilogue.o
        48          0          0          0          0         68   dfixul.o
       228          0          0          0          0         96   dmul.o

    ----------------------------------------------------------------------
      3860        110          0          4          0       1980   Library Totals
         2          0          0          0          0          0   (incl. Padding)

    ----------------------------------------------------------------------

      Code (inc. data)   RO Data    RW Data    ZI Data      Debug   Library Name

      2792        110          0          4          0       1324   mc_w.l
      1066          0          0          0          0        656   mf_w.l

    ----------------------------------------------------------------------
      3860        110          0          4          0       1980   Library Totals

    ----------------------------------------------------------------------

==============================================================================


      Code (inc. data)   RO Data    RW Data    ZI Data      Debug   

     17796       1098        544        156       8252     642671   Grand Totals
     17796       1098        544        156       8252     642671   ELF Image Totals
     17796       1098        544        156          0          0   ROM Totals

==============================================================================

    Total RO  Size (Code + RO Data)                18340 (  17.91kB)
    Total RW  Size (RW Data + ZI Data)              8408 (   8.21kB)
    Total ROM Size (Code + RO Data + RW Data)      18496 (  18.06kB)

==============================================================================

