<html>
<body>
<pre>
<h1>µVision Build Log</h1>
<h2>Tool Versions:</h2>
IDE-Version: ¦ÌVision V5.40.0.0
Copyright (C) 2024 ARM Ltd and ARM Germany GmbH. All rights reserved.
License Information: Y liliput, Y, LIC=FYKYW-QE295-FWP2N-YX7TQ-80HQH-W3N8F
 
Tool Versions:
Toolchain:       MDK-ARM Plus  Version: 5.40.0.3
Toolchain Path:  C:\Users\liliput\AppData\Local\Keil_v5\ARM\ARMCC\Bin
C Compiler:      Armcc.exe V5.06 update 7 (build 960)
Assembler:       Armasm.exe V5.06 update 7 (build 960)
Linker/Locator:  ArmLink.exe V5.06 update 7 (build 960)
Library Manager: ArmAr.exe V5.06 update 7 (build 960)
Hex Converter:   FromElf.exe V5.06 update 7 (build 960)
CPU DLL:         SARMCM3.DLL V5.40.0.3
Dialog DLL:      DCM.DLL V1.17.5.0
Target DLL:      CMSIS_AGDI.dll V1.33.18.0
Dialog DLL:      TCM.DLL V1.56.4.0
 
<h2>Project:</h2>
D:\workspace\STM32_NPNCounter\NPNCounter\MDK-ARM\NPNCounter.uvprojx
Project File Date:  09/15/2024

<h2>Output:</h2>
*** Using Compiler 'V5.06 update 7 (build 960)', folder: 'C:\Users\liliput\AppData\Local\Keil_v5\ARM\ARMCC\Bin'
Build target 'NPNCounter'
Note: source file '..\User\button.c' - object file renamed from 'NPNCounter\button.o' to 'NPNCounter\button_4.o'.
Note: source file '..\User\tm1637.c' - object file renamed from 'NPNCounter\tm1637.o' to 'NPNCounter\tm1637_1.o'.
assembling startup_stm32f103xb.s...
compiling gpio.c...
compiling main.c...
../Core/Src/main.c(85): warning:  #177-D: variable "hal_uart1_rx"  was declared but never referenced
  	unsigned char hal_uart1_rx;
../Core/Src/main.c: 1 warning, 0 errors
linking...
Program Size: Code=17796 RO-data=544 RW-data=156 ZI-data=8252  
FromELF: creating hex file...
"NPNCounter\NPNCounter.axf" - 0 Error(s), 1 Warning(s).

<h2>Software Packages used:</h2>

Package Vendor: ARM
                https://www.keil.com/pack/ARM.CMSIS.6.1.0.pack
                ARM::CMSIS@6.1.0
                CMSIS (Common Microcontroller Software Interface Standard)
   * Component: CORE Version: 6.1.0

Package Vendor: Keil
                http://www.keil.com/pack/Keil.STM32F1xx_DFP.2.4.0.pack
                Keil::STM32F1xx_DFP@2.4.0
                STMicroelectronics STM32F1 Series Device Support, Drivers and Examples

<h2>Collection of Component include folders:</h2>
  ./RTE/_NPNCounter
  C:/Users/liliput/AppData/Local/Arm/Packs/ARM/CMSIS/6.1.0/CMSIS/Core/Include
  C:/Users/liliput/AppData/Local/Arm/Packs/Keil/STM32F1xx_DFP/2.4.0/Device/Include

<h2>Collection of Component Files used:</h2>

   * Component: ARM::CMSIS:CORE@6.1.0
      Include file:  CMSIS/Core/Include/tz_context.h
Build Time Elapsed:  00:00:04
</pre>
</body>
</html>
